../Drivers/STM32F0xx_HAL_Driver/Inc/stm32f0xx_ll_rcc.h:746:22:LL_RCC_HSI_Enable	8	static
../Drivers/STM32F0xx_HAL_Driver/Inc/stm32f0xx_ll_rcc.h:766:26:LL_RCC_HSI_IsReady	8	static
../Drivers/STM32F0xx_HAL_Driver/Inc/stm32f0xx_ll_rcc.h:792:22:LL_RCC_HSI_SetCalibTrimming	16	static
../Drivers/STM32F0xx_HAL_Driver/Inc/stm32f0xx_ll_rcc.h:1098:22:LL_RCC_SetSysClkSource	16	static
../Drivers/STM32F0xx_HAL_Driver/Inc/stm32f0xx_ll_rcc.h:1114:26:LL_RCC_GetSysClkSource	8	static
../Drivers/STM32F0xx_HAL_Driver/Inc/stm32f0xx_ll_rcc.h:1134:22:LL_RCC_SetAHBPrescaler	16	static
../Drivers/STM32F0xx_HAL_Driver/Inc/stm32f0xx_ll_rcc.h:1150:22:LL_RCC_SetAPB1Prescaler	16	static
../Drivers/STM32F0xx_HAL_Driver/Inc/stm32f0xx_ll_rcc.h:1271:22:LL_RCC_SetUSARTClockSource	16	static
../Drivers/STM32F0xx_HAL_Driver/Inc/stm32f0xx_ll_rcc.h:1505:22:LL_RCC_PLL_Enable	8	static
../Drivers/STM32F0xx_HAL_Driver/Inc/stm32f0xx_ll_rcc.h:1526:26:LL_RCC_PLL_IsReady	8	static
../Drivers/STM32F0xx_HAL_Driver/Inc/stm32f0xx_ll_rcc.h:1627:22:LL_RCC_PLL_ConfigDomain_SYS	16	static
../Drivers/STM32F0xx_HAL_Driver/Inc/stm32f0xx_ll_system.h:1778:22:LL_FLASH_SetLatency	16	static
../Drivers/STM32F0xx_HAL_Driver/Inc/stm32f0xx_ll_system.h:1790:26:LL_FLASH_GetLatency	8	static
../Core/Src/main.c:91:6:Set_Pin_Output	48	static
../Core/Src/main.c:100:6:Set_Pin_Input	48	static
../Core/Src/main.c:109:6:delay	16	static
../Core/Src/main.c:116:9:DS18B20_Start	16	static
../Core/Src/main.c:134:6:DS18B20_Write	24	static
../Core/Src/main.c:166:9:DS18B20_Read	16	static
../Core/Src/main.c:190:7:map	32	static
../Core/Src/main.c:201:5:main	24	static
../Core/Src/main.c:387:6:SystemClock_Config	8	static
../Core/Src/main.c:429:6:HAL_GPIO_EXTI_Callback	16	static,ignoring_inline_asm
../Core/Src/main.c:445:6:HAL_TIM_PeriodElapsedCallback	16	static
../Core/Src/main.c:483:6:Error_Handler	8	static,ignoring_inline_asm
