../Core/Src/main.c:91:6:Set_Pin_Output	48	static
../Core/Src/main.c:100:6:Set_Pin_Input	48	static
../Core/Src/main.c:109:6:delay	16	static
../Core/Src/main.c:116:9:DS18B20_Start	16	static
../Core/Src/main.c:134:6:DS18B20_Write	24	static
../Core/Src/main.c:166:9:DS18B20_Read	16	static
../Core/Src/main.c:195:5:main	8	static
../Core/Src/main.c:372:6:SystemClock_Config	96	static
../Core/Src/main.c:414:6:HAL_GPIO_EXTI_Callback	16	static,ignoring_inline_asm
../Core/Src/main.c:429:6:HAL_TIM_PeriodElapsedCallback	16	static
../Core/Src/main.c:461:6:Error_Handler	8	static,ignoring_inline_asm
