Archive member included to satisfy reference by file (symbol)

C:/ST/STM32CubeIDE_1.5.1/STM32CubeIDE/plugins/com.st.stm32cube.ide.mcu.externaltools.gnu-tools-for-stm32.11.3.rel1.win32_1.1.100.202309141235/tools/bin/../lib/gcc/arm-none-eabi/11.3.1/../../../../arm-none-eabi/lib/thumb/v6-m/nofp\libc_nano.a(libc_a-exit.o)
                              C:/ST/STM32CubeIDE_1.5.1/STM32CubeIDE/plugins/com.st.stm32cube.ide.mcu.externaltools.gnu-tools-for-stm32.11.3.rel1.win32_1.1.100.202309141235/tools/bin/../lib/gcc/arm-none-eabi/11.3.1/../../../../arm-none-eabi/lib/thumb/v6-m/nofp/crt0.o (exit)
C:/ST/STM32CubeIDE_1.5.1/STM32CubeIDE/plugins/com.st.stm32cube.ide.mcu.externaltools.gnu-tools-for-stm32.11.3.rel1.win32_1.1.100.202309141235/tools/bin/../lib/gcc/arm-none-eabi/11.3.1/../../../../arm-none-eabi/lib/thumb/v6-m/nofp\libc_nano.a(libc_a-findfp.o)
                              C:/ST/STM32CubeIDE_1.5.1/STM32CubeIDE/plugins/com.st.stm32cube.ide.mcu.externaltools.gnu-tools-for-stm32.11.3.rel1.win32_1.1.100.202309141235/tools/bin/../lib/gcc/arm-none-eabi/11.3.1/../../../../arm-none-eabi/lib/thumb/v6-m/nofp\libc_nano.a(libc_a-exit.o) (__stdio_exit_handler)
C:/ST/STM32CubeIDE_1.5.1/STM32CubeIDE/plugins/com.st.stm32cube.ide.mcu.externaltools.gnu-tools-for-stm32.11.3.rel1.win32_1.1.100.202309141235/tools/bin/../lib/gcc/arm-none-eabi/11.3.1/../../../../arm-none-eabi/lib/thumb/v6-m/nofp\libc_nano.a(libc_a-fwalk.o)
                              C:/ST/STM32CubeIDE_1.5.1/STM32CubeIDE/plugins/com.st.stm32cube.ide.mcu.externaltools.gnu-tools-for-stm32.11.3.rel1.win32_1.1.100.202309141235/tools/bin/../lib/gcc/arm-none-eabi/11.3.1/../../../../arm-none-eabi/lib/thumb/v6-m/nofp\libc_nano.a(libc_a-findfp.o) (_fwalk_sglue)
C:/ST/STM32CubeIDE_1.5.1/STM32CubeIDE/plugins/com.st.stm32cube.ide.mcu.externaltools.gnu-tools-for-stm32.11.3.rel1.win32_1.1.100.202309141235/tools/bin/../lib/gcc/arm-none-eabi/11.3.1/../../../../arm-none-eabi/lib/thumb/v6-m/nofp\libc_nano.a(libc_a-stdio.o)
                              C:/ST/STM32CubeIDE_1.5.1/STM32CubeIDE/plugins/com.st.stm32cube.ide.mcu.externaltools.gnu-tools-for-stm32.11.3.rel1.win32_1.1.100.202309141235/tools/bin/../lib/gcc/arm-none-eabi/11.3.1/../../../../arm-none-eabi/lib/thumb/v6-m/nofp\libc_nano.a(libc_a-findfp.o) (__sread)
C:/ST/STM32CubeIDE_1.5.1/STM32CubeIDE/plugins/com.st.stm32cube.ide.mcu.externaltools.gnu-tools-for-stm32.11.3.rel1.win32_1.1.100.202309141235/tools/bin/../lib/gcc/arm-none-eabi/11.3.1/../../../../arm-none-eabi/lib/thumb/v6-m/nofp\libc_nano.a(libc_a-memset.o)
                              C:/ST/STM32CubeIDE_1.5.1/STM32CubeIDE/plugins/com.st.stm32cube.ide.mcu.externaltools.gnu-tools-for-stm32.11.3.rel1.win32_1.1.100.202309141235/tools/bin/../lib/gcc/arm-none-eabi/11.3.1/../../../../arm-none-eabi/lib/thumb/v6-m/nofp/crt0.o (memset)
C:/ST/STM32CubeIDE_1.5.1/STM32CubeIDE/plugins/com.st.stm32cube.ide.mcu.externaltools.gnu-tools-for-stm32.11.3.rel1.win32_1.1.100.202309141235/tools/bin/../lib/gcc/arm-none-eabi/11.3.1/../../../../arm-none-eabi/lib/thumb/v6-m/nofp\libc_nano.a(libc_a-closer.o)
                              C:/ST/STM32CubeIDE_1.5.1/STM32CubeIDE/plugins/com.st.stm32cube.ide.mcu.externaltools.gnu-tools-for-stm32.11.3.rel1.win32_1.1.100.202309141235/tools/bin/../lib/gcc/arm-none-eabi/11.3.1/../../../../arm-none-eabi/lib/thumb/v6-m/nofp\libc_nano.a(libc_a-stdio.o) (_close_r)
C:/ST/STM32CubeIDE_1.5.1/STM32CubeIDE/plugins/com.st.stm32cube.ide.mcu.externaltools.gnu-tools-for-stm32.11.3.rel1.win32_1.1.100.202309141235/tools/bin/../lib/gcc/arm-none-eabi/11.3.1/../../../../arm-none-eabi/lib/thumb/v6-m/nofp\libc_nano.a(libc_a-reent.o)
                              C:/ST/STM32CubeIDE_1.5.1/STM32CubeIDE/plugins/com.st.stm32cube.ide.mcu.externaltools.gnu-tools-for-stm32.11.3.rel1.win32_1.1.100.202309141235/tools/bin/../lib/gcc/arm-none-eabi/11.3.1/../../../../arm-none-eabi/lib/thumb/v6-m/nofp\libc_nano.a(libc_a-closer.o) (errno)
C:/ST/STM32CubeIDE_1.5.1/STM32CubeIDE/plugins/com.st.stm32cube.ide.mcu.externaltools.gnu-tools-for-stm32.11.3.rel1.win32_1.1.100.202309141235/tools/bin/../lib/gcc/arm-none-eabi/11.3.1/../../../../arm-none-eabi/lib/thumb/v6-m/nofp\libc_nano.a(libc_a-impure.o)
                              C:/ST/STM32CubeIDE_1.5.1/STM32CubeIDE/plugins/com.st.stm32cube.ide.mcu.externaltools.gnu-tools-for-stm32.11.3.rel1.win32_1.1.100.202309141235/tools/bin/../lib/gcc/arm-none-eabi/11.3.1/../../../../arm-none-eabi/lib/thumb/v6-m/nofp\libc_nano.a(libc_a-reent.o) (_impure_ptr)
C:/ST/STM32CubeIDE_1.5.1/STM32CubeIDE/plugins/com.st.stm32cube.ide.mcu.externaltools.gnu-tools-for-stm32.11.3.rel1.win32_1.1.100.202309141235/tools/bin/../lib/gcc/arm-none-eabi/11.3.1/../../../../arm-none-eabi/lib/thumb/v6-m/nofp\libc_nano.a(libc_a-lseekr.o)
[...]
Memory Configuration

Name             Origin             Length             Attributes
RAM              0x0000000020000000 0x0000000000001000 xrw
FLASH            0x0000000008000000 0x0000000000004000 xr
*default*        0x0000000000000000 0xffffffffffffffff

Linker script and memory map

LOAD C:/ST/STM32CubeIDE_1.5.1/STM32CubeIDE/plugins/com.st.stm32cube.ide.mcu.externaltools.gnu-tools-for-stm32.11.3.rel1.win32_1.1.100.202309141235/tools/bin/../lib/gcc/arm-none-eabi/11.3.1/thumb/v6-m/nofp/crti.o
LOAD C:/ST/STM32CubeIDE_1.5.1/STM32CubeIDE/plugins/com.st.stm32cube.ide.mcu.externaltools.gnu-tools-for-stm32.11.3.rel1.win32_1.1.100.202309141235/tools/bin/../lib/gcc/arm-none-eabi/11.3.1/thumb/v6-m/nofp/crtbegin.o
LOAD C:/ST/STM32CubeIDE_1.5.1/STM32CubeIDE/plugins/com.st.stm32cube.ide.mcu.externaltools.gnu-tools-for-stm32.11.3.rel1.win32_1.1.100.202309141235/tools/bin/../lib/gcc/arm-none-eabi/11.3.1/../../../../arm-none-eabi/lib/thumb/v6-m/nofp/crt0.o
LOAD ./Core/Src/gpio.o
LOAD ./Core/Src/main.o
LOAD ./Core/Src/stm32f0xx_hal_msp.o
LOAD ./Core/Src/stm32f0xx_it.o
LOAD ./Core/Src/syscalls.o
LOAD ./Core/Src/sysmem.o
LOAD ./Core/Src/system_stm32f0xx.o
LOAD ./Core/Src/tim.o
LOAD ./Core/Src/usart.o
LOAD ./Core/Startup/startup_stm32f030f4px.o
LOAD ./Drivers/STM32F0xx_HAL_Driver/Src/stm32f0xx_hal.o
LOAD ./Drivers/STM32F0xx_HAL_Driver/Src/stm32f0xx_hal_cortex.o
LOAD ./Drivers/STM32F0xx_HAL_Driver/Src/stm32f0xx_hal_dma.o
LOAD ./Drivers/STM32F0xx_HAL_Driver/Src/stm32f0xx_hal_exti.o
LOAD ./Drivers/STM32F0xx_HAL_Driver/Src/stm32f0xx_hal_flash.o
LOAD ./Drivers/STM32F0xx_HAL_Driver/Src/stm32f0xx_hal_flash_ex.o
LOAD ./Drivers/STM32F0xx_HAL_Driver/Src/stm32f0xx_hal_gpio.o
LOAD ./Drivers/STM32F0xx_HAL_Driver/Src/stm32f0xx_hal_i2c.o
LOAD ./Drivers/STM32F0xx_HAL_Driver/Src/stm32f0xx_hal_i2c_ex.o
LOAD ./Drivers/STM32F0xx_HAL_Driver/Src/stm32f0xx_hal_pwr.o
LOAD ./Drivers/STM32F0xx_HAL_Driver/Src/stm32f0xx_hal_pwr_ex.o
LOAD ./Drivers/STM32F0xx_HAL_Driver/Src/stm32f0xx_hal_rcc.o
LOAD ./Drivers/STM32F0xx_HAL_Driver/Src/stm32f0xx_hal_rcc_ex.o
LOAD ./Drivers/STM32F0xx_HAL_Driver/Src/stm32f0xx_hal_tim.o
LOAD ./Drivers/STM32F0xx_HAL_Driver/Src/stm32f0xx_hal_tim_ex.o
LOAD ./Drivers/STM32F0xx_HAL_Driver/Src/stm32f0xx_hal_uart.o
LOAD ./Drivers/STM32F0xx_HAL_Driver/Src/stm32f0xx_hal_uart_ex.o
LOAD ./Drivers/STM32F0xx_HAL_Driver/Src/stm32f0xx_ll_exti.o
LOAD ./Drivers/STM32F0xx_HAL_Driver/Src/stm32f0xx_ll_gpio.o
LOAD ./Drivers/STM32F0xx_HAL_Driver/Src/stm32f0xx_ll_rcc.o
LOAD ./Drivers/STM32F0xx_HAL_Driver/Src/stm32f0xx_ll_utils.o
START GROUP
LOAD C:/ST/STM32CubeIDE_1.5.1/STM32CubeIDE/plugins/com.st.stm32cube.ide.mcu.externaltools.gnu-tools-for-stm32.11.3.rel1.win32_1.1.100.202309141235/tools/bin/../lib/gcc/arm-none-eabi/11.3.1/../../../../arm-none-eabi/lib/thumb/v6-m/nofp\libc_nano.a
LOAD C:/ST/STM32CubeIDE_1.5.1/STM32CubeIDE/plugins/com.st.stm32cube.ide.mcu.externaltools.gnu-tools-for-stm32.11.3.rel1.win32_1.1.100.202309141235/tools/bin/../lib/gcc/arm-none-eabi/11.3.1/../../../../arm-none-eabi/lib/thumb/v6-m/nofp\libm.a
END GROUP
START GROUP
LOAD C:/ST/STM32CubeIDE_1.5.1/STM32CubeIDE/plugins/com.st.stm32cube.ide.mcu.externaltools.gnu-tools-for-stm32.11.3.rel1.win32_1.1.100.202309141235/tools/bin/../lib/gcc/arm-none-eabi/11.3.1/thumb/v6-m/nofp\libgcc.a
LOAD C:/ST/STM32CubeIDE_1.5.1/STM32CubeIDE/plugins/com.st.stm32cube.ide.mcu.externaltools.gnu-tools-for-stm32.11.3.rel1.win32_1.1.100.202309141235/tools/bin/../lib/gcc/arm-none-eabi/11.3.1/../../../../arm-none-eabi/lib/thumb/v6-m/nofp\libc_nano.a
END GROUP
START GROUP
LOAD C:/ST/STM32CubeIDE_1.5.1/STM32CubeIDE/plugins/com.st.stm32cube.ide.mcu.externaltools.gnu-tools-for-stm32.11.3.rel1.win32_1.1.100.202309141235/tools/bin/../lib/gcc/arm-none-eabi/11.3.1/thumb/v6-m/nofp\libgcc.a
LOAD C:/ST/STM32CubeIDE_1.5.1/STM32CubeIDE/plugins/com.st.stm32cube.ide.mcu.externaltools.gnu-tools-for-stm32.11.3.rel1.win32_1.1.100.202309141235/tools/bin/../lib/gcc/arm-none-eabi/11.3.1/../../../../arm-none-eabi/lib/thumb/v6-m/nofp\libc_nano.a
LOAD C:/ST/STM32CubeIDE_1.5.1/STM32CubeIDE/plugins/com.st.stm32cube.ide.mcu.externaltools.gnu-tools-for-stm32.11.3.rel1.win32_1.1.100.202309141235/tools/bin/../lib/gcc/arm-none-eabi/11.3.1/../../../../arm-none-eabi/lib/thumb/v6-m/nofp\libnosys.a
END GROUP
START GROUP
LOAD C:/ST/STM32CubeIDE_1.5.1/STM32CubeIDE/plugins/com.st.stm32cube.ide.mcu.externaltools.gnu-tools-for-stm32.11.3.rel1.win32_1.1.100.202309141235/tools/bin/../lib/gcc/arm-none-eabi/11.3.1/thumb/v6-m/nofp\libgcc.a
LOAD C:/ST/STM32CubeIDE_1.5.1/STM32CubeIDE/plugins/com.st.stm32cube.ide.mcu.externaltools.gnu-tools-for-stm32.11.3.rel1.win32_1.1.100.202309141235/tools/bin/../lib/gcc/arm-none-eabi/11.3.1/../../../../arm-none-eabi/lib/thumb/v6-m/nofp\libc_nano.a
LOAD C:/ST/STM32CubeIDE_1.5.1/STM32CubeIDE/plugins/com.st.stm32cube.ide.mcu.externaltools.gnu-tools-for-stm32.11.3.rel1.win32_1.1.100.202309141235/tools/bin/../lib/gcc/arm-none-eabi/11.3.1/../../../../arm-none-eabi/lib/thumb/v6-m/nofp\libnosys.a
END GROUP
LOAD C:/ST/STM32CubeIDE_1.5.1/STM32CubeIDE/plugins/com.st.stm32cube.ide.mcu.externaltools.gnu-tools-for-stm32.11.3.rel1.win32_1.1.100.202309141235/tools/bin/../lib/gcc/arm-none-eabi/11.3.1/thumb/v6-m/nofp/crtend.o
LOAD C:/ST/STM32CubeIDE_1.5.1/STM32CubeIDE/plugins/com.st.stm32cube.ide.mcu.externaltools.gnu-tools-for-stm32.11.3.rel1.win32_1.1.100.202309141235/tools/bin/../lib/gcc/arm-none-eabi/11.3.1/thumb/v6-m/nofp/crtn.o
                0x0000000020001000                _estack = (ORIGIN (RAM) + LENGTH (RAM))
                0x0000000000000200                _Min_Heap_Size = 0x200
                0x0000000000000400                _Min_Stack_Size = 0x400

.isr_vector     0x0000000008000000       0xc0
                0x0000000008000000                . = ALIGN (0x4)
 *(.isr_vector)
 .isr_vector    0x0000000008000000       0xc0 ./Core/Startup/startup_stm32f030f4px.o
                0x0000000008000000                g_pfnVectors
                0x00000000080000c0                . = ALIGN (0x4)

.text           0x00000000080000c0     0x36e8
                0x00000000080000c0                . = ALIGN (0x4)
 *(.text)
 .text          0x00000000080000c0       0x48 C:/ST/STM32CubeIDE_1.5.1/STM32CubeIDE/plugins/com.st.stm32cube.ide.mcu.externaltools.gnu-tools-for-stm32.11.3.rel1.win32_1.1.100.202309141235/tools/bin/../lib/gcc/arm-none-eabi/11.3.1/thumb/v6-m/nofp/crtbegin.o
 .text          0x0000000008000108      0x114 C:/ST/STM32CubeIDE_1.5.1/STM32CubeIDE/plugins/com.st.stm32cube.ide.mcu.externaltools.gnu-tools-for-stm32.11.3.rel1.win32_1.1.100.202309141235/tools/bin/../lib/gcc/arm-none-eabi/11.3.1/thumb/v6-m/nofp\libgcc.a(_udivsi3.o)
                0x0000000008000108                __aeabi_uidiv
                0x0000000008000108                __udivsi3
                0x0000000008000214                __aeabi_uidivmod
 .text          0x000000000800021c        0x4 C:/ST/STM32CubeIDE_1.5.1/STM32CubeIDE/plugins/com.st.stm32cube.ide.mcu.externaltools.gnu-tools-for-stm32.11.3.rel1.win32_1.1.100.202309141235/tools/bin/../lib/gcc/arm-none-eabi/11.3.1/thumb/v6-m/nofp\libgcc.a(_dvmd_tls.o)
                0x000000000800021c                __aeabi_idiv0
                0x000000000800021c                __aeabi_ldiv0
 .text          0x0000000008000220       0x30 C:/ST/STM32CubeIDE_1.5.1/STM32CubeIDE/plugins/com.st.stm32cube.ide.mcu.externaltools.gnu-tools-for-stm32.11.3.rel1.win32_1.1.100.202309141235/tools/bin/../lib/gcc/arm-none-eabi/11.3.1/thumb/v6-m/nofp\libgcc.a(_fixunssfsi.o)
                0x0000000008000220                __fixunssfsi
                0x0000000008000220                __aeabi_f2uiz
 .text          0x0000000008000250      0x340 C:/ST/STM32CubeIDE_1.5.1/STM32CubeIDE/plugins/com.st.stm32cube.ide.mcu.externaltools.gnu-tools-for-stm32.11.3.rel1.win32_1.1.100.202309141235/tools/bin/../lib/gcc/arm-none-eabi/11.3.1/thumb/v6-m/nofp\libgcc.a(addsf3.o)
                0x0000000008000250                __aeabi_fadd
 .text          0x0000000008000590      0x234 C:/ST/STM32CubeIDE_1.5.1/STM32CubeIDE/plugins/com.st.stm32cube.ide.mcu.externaltools.gnu-tools-for-stm32.11.3.rel1.win32_1.1.100.202309141235/tools/bin/../lib/gcc/arm-none-eabi/11.3.1/thumb/v6-m/nofp\libgcc.a(divsf3.o)
                0x0000000008000590                __aeabi_fdiv
 .text          0x00000000080007c4      0x29c C:/ST/STM32CubeIDE_1.5.1/STM32CubeIDE/plugins/com.st.stm32cube.ide.mcu.externaltools.gnu-tools-for-stm32.11.3.rel1.win32_1.1.100.202309141235/tools/bin/../lib/gcc/arm-none-eabi/11.3.1/thumb/v6-m/nofp\libgcc.a(mulsf3.o)
                0x00000000080007c4                __aeabi_fmul
 .text          0x0000000008000a60      0x340 C:/ST/STM32CubeIDE_1.5.1/STM32CubeIDE/plugins/com.st.stm32cube.ide.mcu.externaltools.gnu-tools-for-stm32.11.3.rel1.win32_1.1.100.202309141235/tools/bin/../lib/gcc/arm-none-eabi/11.3.1/thumb/v6-m/nofp\libgcc.a(subsf3.o)
                0x0000000008000a60                __aeabi_fsub
 .text          0x0000000008000da0       0x40 C:/ST/STM32CubeIDE_1.5.1/STM32CubeIDE/plugins/com.st.stm32cube.ide.mcu.externaltools.gnu-tools-for-stm32.11.3.rel1.win32_1.1.100.202309141235/tools/bin/../lib/gcc/arm-none-eabi/11.3.1/thumb/v6-m/nofp\libgcc.a(fixsfsi.o)
                0x0000000008000da0                __aeabi_f2iz
 .text          0x0000000008000de0       0x90 C:/ST/STM32CubeIDE_1.5.1/STM32CubeIDE/plugins/com.st.stm32cube.ide.mcu.externaltools.gnu-tools-for-stm32.11.3.rel1.win32_1.1.100.202309141235/tools/bin/../lib/gcc/arm-none-eabi/11.3.1/thumb/v6-m/nofp\libgcc.a(floatunsisf.o)
                0x0000000008000de0                __aeabi_ui2f
 .text          0x0000000008000e70       0x74 C:/ST/STM32CubeIDE_1.5.1/STM32CubeIDE/plugins/com.st.stm32cube.ide.mcu.externaltools.gnu-tools-for-stm32.11.3.rel1.win32_1.1.100.202309141235/tools/bin/../lib/gcc/arm-none-eabi/11.3.1/thumb/v6-m/nofp\libgcc.a(_arm_cmpsf2.o)
                0x0000000008000e70                __aeabi_cfrcmple
                0x0000000008000e78                __aeabi_cfcmpeq
                0x0000000008000e78                __aeabi_cfcmple
                0x0000000008000e88                __aeabi_fcmpeq
                0x0000000008000e94                __aeabi_fcmplt
                0x0000000008000ea8                __aeabi_fcmple
                0x0000000008000ebc                __aeabi_fcmpgt
                0x0000000008000ed0                __aeabi_fcmpge
 .text          0x0000000008000ee4       0x3c C:/ST/STM32CubeIDE_1.5.1/STM32CubeIDE/plugins/com.st.stm32cube.ide.mcu.externaltools.gnu-tools-for-stm32.11.3.rel1.win32_1.1.100.202309141235/tools/bin/../lib/gcc/arm-none-eabi/11.3.1/thumb/v6-m/nofp\libgcc.a(_clzsi2.o)
                0x0000000008000ee4                __clzsi2
 .text          0x0000000008000f20       0x4c C:/ST/STM32CubeIDE_1.5.1/STM32CubeIDE/plugins/com.st.stm32cube.ide.mcu.externaltools.gnu-tools-for-stm32.11.3.rel1.win32_1.1.100.202309141235/tools/bin/../lib/gcc/arm-none-eabi/11.3.1/thumb/v6-m/nofp\libgcc.a(eqsf2.o)
                0x0000000008000f20                __eqsf2
                0x0000000008000f20                __nesf2
 .text          0x0000000008000f6c       0x8c C:/ST/STM32CubeIDE_1.5.1/STM32CubeIDE/plugins/com.st.stm32cube.ide.mcu.externaltools.gnu-tools-for-stm32.11.3.rel1.win32_1.1.100.202309141235/tools/bin/../lib/gcc/arm-none-eabi/11.3.1/thumb/v6-m/nofp\libgcc.a(gesf2.o)
                0x0000000008000f6c                __gesf2
                0x0000000008000f6c                __gtsf2
 .text          0x0000000008000ff8       0x88 C:/ST/STM32CubeIDE_1.5.1/STM32CubeIDE/plugins/com.st.stm32cube.ide.mcu.externaltools.gnu-tools-for-stm32.11.3.rel1.win32_1.1.100.202309141235/tools/bin/../lib/gcc/arm-none-eabi/11.3.1/thumb/v6-m/nofp\libgcc.a(lesf2.o)
                0x0000000008000ff8                __ltsf2
                0x0000000008000ff8                __lesf2
 *(.text*)
 .text.__NVIC_EnableIRQ
                0x0000000008001080       0x34 ./Core/Src/gpio.o
 .text.__NVIC_SetPriority
                0x00000000080010b4       0xdc ./Core/Src/gpio.o
 .text.LL_AHB1_GRP1_EnableClock
                0x0000000008001190       0x2c ./Core/Src/gpio.o
 .text.LL_SYSCFG_SetEXTISource
                0x00000000080011bc       0x4c ./Core/Src/gpio.o
 .text.LL_GPIO_SetPinMode
                0x0000000008001208       0x38 ./Core/Src/gpio.o
 .text.LL_GPIO_SetPinPull
                0x0000000008001240       0x38 ./Core/Src/gpio.o
 .text.LL_GPIO_ResetOutputPin
                0x0000000008001278       0x18 ./Core/Src/gpio.o
 .text.MX_GPIO_Init
                0x0000000008001290      0x210 ./Core/Src/gpio.o
                0x0000000008001290                MX_GPIO_Init
 .text.LL_RCC_HSI_Enable
                0x00000000080014a0       0x1c ./Core/Src/main.o
 .text.LL_RCC_HSI_IsReady
                0x00000000080014bc       0x20 ./Core/Src/main.o
 .text.LL_RCC_HSI_SetCalibTrimming
                0x00000000080014dc       0x28 ./Core/Src/main.o
 .text.LL_RCC_SetSysClkSource
                0x0000000008001504       0x28 ./Core/Src/main.o
 .text.LL_RCC_GetSysClkSource
                0x000000000800152c       0x18 ./Core/Src/main.o
 .text.LL_RCC_SetAHBPrescaler
                0x0000000008001544       0x28 ./Core/Src/main.o
 .text.LL_RCC_SetAPB1Prescaler
                0x000000000800156c       0x2c ./Core/Src/main.o
 .text.LL_RCC_SetUSARTClockSource
                0x0000000008001598       0x34 ./Core/Src/main.o
 .text.LL_RCC_PLL_Enable
                0x00000000080015cc       0x1c ./Core/Src/main.o
 .text.LL_RCC_PLL_IsReady
                0x00000000080015e8       0x28 ./Core/Src/main.o
 .text.LL_RCC_PLL_ConfigDomain_SYS
                0x0000000008001610       0x4c ./Core/Src/main.o
 .text.LL_FLASH_SetLatency
                0x000000000800165c       0x28 ./Core/Src/main.o
 .text.LL_FLASH_GetLatency
                0x0000000008001684       0x18 ./Core/Src/main.o
 .text.Set_Pin_Output
                0x000000000800169c       0x46 ./Core/Src/main.o
                0x000000000800169c                Set_Pin_Output
 .text.Set_Pin_Input
                0x00000000080016e2       0x46 ./Core/Src/main.o
                0x00000000080016e2                Set_Pin_Input
 .text.delay    0x0000000008001728       0x34 ./Core/Src/main.o
                0x0000000008001728                delay
 .text.DS18B20_Start
                0x000000000800175c       0x76 ./Core/Src/main.o
                0x000000000800175c                DS18B20_Start
 .text.DS18B20_Write
                0x00000000080017d2       0xa4 ./Core/Src/main.o
                0x00000000080017d2                DS18B20_Write
 .text.DS18B20_Read
                0x0000000008001876       0x96 ./Core/Src/main.o
                0x0000000008001876                DS18B20_Read
 .text.map      0x000000000800190c       0x56 ./Core/Src/main.o
                0x000000000800190c                map
 *fill*         0x0000000008001962        0x2 
 .text.main     0x0000000008001964      0x240 ./Core/Src/main.o
                0x0000000008001964                main
 .text.SystemClock_Config
                0x0000000008001ba4       0x8c ./Core/Src/main.o
                0x0000000008001ba4                SystemClock_Config
 .text.HAL_TIM_PeriodElapsedCallback
                0x0000000008001c30       0x48 ./Core/Src/main.o
                0x0000000008001c30                HAL_TIM_PeriodElapsedCallback
 .text.Error_Handler
                0x0000000008001c78        0xa ./Core/Src/main.o
                0x0000000008001c78                Error_Handler
 *fill*         0x0000000008001c82        0x2 
 .text.HAL_MspInit
                0x0000000008001c84       0x48 ./Core/Src/stm32f0xx_hal_msp.o
                0x0000000008001c84                HAL_MspInit
 .text.LL_EXTI_IsActiveFlag_0_31
                0x0000000008001ccc       0x28 ./Core/Src/stm32f0xx_it.o
 .text.LL_EXTI_ClearFlag_0_31
                0x0000000008001cf4       0x1c ./Core/Src/stm32f0xx_it.o
 .text.NMI_Handler
                0x0000000008001d10        0x6 ./Core/Src/stm32f0xx_it.o
                0x0000000008001d10                NMI_Handler
 .text.HardFault_Handler
                0x0000000008001d16        0x6 ./Core/Src/stm32f0xx_it.o
                0x0000000008001d16                HardFault_Handler
 .text.SVC_Handler
                0x0000000008001d1c        0xa ./Core/Src/stm32f0xx_it.o
                0x0000000008001d1c                SVC_Handler
 .text.PendSV_Handler
                0x0000000008001d26        0xa ./Core/Src/stm32f0xx_it.o
                0x0000000008001d26                PendSV_Handler
 .text.SysTick_Handler
                0x0000000008001d30        0xe ./Core/Src/stm32f0xx_it.o
                0x0000000008001d30                SysTick_Handler
 .text.EXTI4_15_IRQHandler
                0x0000000008001d3e       0x1a ./Core/Src/stm32f0xx_it.o
                0x0000000008001d3e                EXTI4_15_IRQHandler
 .text.TIM17_IRQHandler
                0x0000000008001d58       0x18 ./Core/Src/stm32f0xx_it.o
                0x0000000008001d58                TIM17_IRQHandler
 .text.SystemInit
                0x0000000008001d70        0xa ./Core/Src/system_stm32f0xx.o
                0x0000000008001d70                SystemInit
 *fill*         0x0000000008001d7a        0x2 
 .text.MX_TIM16_Init
                0x0000000008001d7c       0x50 ./Core/Src/tim.o
                0x0000000008001d7c                MX_TIM16_Init
 .text.MX_TIM17_Init
                0x0000000008001dcc       0x50 ./Core/Src/tim.o
                0x0000000008001dcc                MX_TIM17_Init
 .text.HAL_TIM_Base_MspInit
                0x0000000008001e1c       0x7c ./Core/Src/tim.o
                0x0000000008001e1c                HAL_TIM_Base_MspInit
 .text.MX_USART1_UART_Init
                0x0000000008001e98       0x60 ./Core/Src/usart.o
                0x0000000008001e98                MX_USART1_UART_Init
 .text.HAL_UART_MspInit
                0x0000000008001ef8       0x9c ./Core/Src/usart.o
                0x0000000008001ef8                HAL_UART_MspInit
 .text.Reset_Handler
                0x0000000008001f94       0x50 ./Core/Startup/startup_stm32f030f4px.o
                0x0000000008001f94                Reset_Handler
 .text.Default_Handler
                0x0000000008001fe4        0x2 ./Core/Startup/startup_stm32f030f4px.o
                0x0000000008001fe4                TIM1_CC_IRQHandler
                0x0000000008001fe4                I2C1_IRQHandler
                0x0000000008001fe4                SPI1_IRQHandler
                0x0000000008001fe4                EXTI2_3_IRQHandler
                0x0000000008001fe4                ADC1_IRQHandler
                0x0000000008001fe4                RTC_IRQHandler
                0x0000000008001fe4                TIM16_IRQHandler
                0x0000000008001fe4                TIM3_IRQHandler
                0x0000000008001fe4                RCC_IRQHandler
                0x0000000008001fe4                DMA1_Channel1_IRQHandler
                0x0000000008001fe4                Default_Handler
                0x0000000008001fe4                TIM14_IRQHandler
                0x0000000008001fe4                DMA1_Channel4_5_IRQHandler
                0x0000000008001fe4                EXTI0_1_IRQHandler
                0x0000000008001fe4                WWDG_IRQHandler
                0x0000000008001fe4                DMA1_Channel2_3_IRQHandler
                0x0000000008001fe4                FLASH_IRQHandler
                0x0000000008001fe4                USART1_IRQHandler
                0x0000000008001fe4                TIM1_BRK_UP_TRG_COM_IRQHandler
 *fill*         0x0000000008001fe6        0x2 
 .text.HAL_Init
                0x0000000008001fe8       0x28 ./Drivers/STM32F0xx_HAL_Driver/Src/stm32f0xx_hal.o
                0x0000000008001fe8                HAL_Init
 .text.HAL_InitTick
                0x0000000008002010       0x68 ./Drivers/STM32F0xx_HAL_Driver/Src/stm32f0xx_hal.o
                0x0000000008002010                HAL_InitTick
 .text.HAL_IncTick
                0x0000000008002078       0x24 ./Drivers/STM32F0xx_HAL_Driver/Src/stm32f0xx_hal.o
                0x0000000008002078                HAL_IncTick
 .text.HAL_GetTick
                0x000000000800209c       0x14 ./Drivers/STM32F0xx_HAL_Driver/Src/stm32f0xx_hal.o
                0x000000000800209c                HAL_GetTick
 .text.__NVIC_EnableIRQ
                0x00000000080020b0       0x34 ./Drivers/STM32F0xx_HAL_Driver/Src/stm32f0xx_hal_cortex.o
 .text.__NVIC_SetPriority
                0x00000000080020e4       0xdc ./Drivers/STM32F0xx_HAL_Driver/Src/stm32f0xx_hal_cortex.o
 .text.SysTick_Config
                0x00000000080021c0       0x48 ./Drivers/STM32F0xx_HAL_Driver/Src/stm32f0xx_hal_cortex.o
 .text.HAL_NVIC_SetPriority
                0x0000000008002208       0x2a ./Drivers/STM32F0xx_HAL_Driver/Src/stm32f0xx_hal_cortex.o
                0x0000000008002208                HAL_NVIC_SetPriority
 .text.HAL_NVIC_EnableIRQ
                0x0000000008002232       0x20 ./Drivers/STM32F0xx_HAL_Driver/Src/stm32f0xx_hal_cortex.o
                0x0000000008002232                HAL_NVIC_EnableIRQ
 .text.HAL_SYSTICK_Config
                0x0000000008002252       0x1a ./Drivers/STM32F0xx_HAL_Driver/Src/stm32f0xx_hal_cortex.o
                0x0000000008002252                HAL_SYSTICK_Config
 .text.HAL_GPIO_Init
                0x000000000800226c      0x2e0 ./Drivers/STM32F0xx_HAL_Driver/Src/stm32f0xx_hal_gpio.o
                0x000000000800226c                HAL_GPIO_Init
 .text.HAL_GPIO_ReadPin
                0x000000000800254c       0x3a ./Drivers/STM32F0xx_HAL_Driver/Src/stm32f0xx_hal_gpio.o
                0x000000000800254c                HAL_GPIO_ReadPin
 .text.HAL_GPIO_WritePin
                0x0000000008002586       0x3a ./Drivers/STM32F0xx_HAL_Driver/Src/stm32f0xx_hal_gpio.o
                0x0000000008002586                HAL_GPIO_WritePin
 .text.HAL_RCC_GetSysClockFreq
                0x00000000080025c0       0xac ./Drivers/STM32F0xx_HAL_Driver/Src/stm32f0xx_hal_rcc.o
                0x00000000080025c0                HAL_RCC_GetSysClockFreq
 .text.HAL_RCC_GetHCLKFreq
                0x000000000800266c       0x14 ./Drivers/STM32F0xx_HAL_Driver/Src/stm32f0xx_hal_rcc.o
                0x000000000800266c                HAL_RCC_GetHCLKFreq
 .text.HAL_RCC_GetPCLK1Freq
                0x0000000008002680       0x2c ./Drivers/STM32F0xx_HAL_Driver/Src/stm32f0xx_hal_rcc.o
                0x0000000008002680                HAL_RCC_GetPCLK1Freq
 .text.HAL_TIM_Base_Init
                0x00000000080026ac       0xa0 ./Drivers/STM32F0xx_HAL_Driver/Src/stm32f0xx_hal_tim.o
                0x00000000080026ac                HAL_TIM_Base_Init
 .text.HAL_TIM_Base_Start
                0x000000000800274c       0x7c ./Drivers/STM32F0xx_HAL_Driver/Src/stm32f0xx_hal_tim.o
                0x000000000800274c                HAL_TIM_Base_Start
 .text.HAL_TIM_Base_Stop_IT
                0x00000000080027c8       0x5c ./Drivers/STM32F0xx_HAL_Driver/Src/stm32f0xx_hal_tim.o
                0x00000000080027c8                HAL_TIM_Base_Stop_IT
 .text.HAL_TIM_IRQHandler
                0x0000000008002824      0x22c ./Drivers/STM32F0xx_HAL_Driver/Src/stm32f0xx_hal_tim.o
                0x0000000008002824                HAL_TIM_IRQHandler
 .text.HAL_TIM_OC_DelayElapsedCallback
                0x0000000008002a50       0x10 ./Drivers/STM32F0xx_HAL_Driver/Src/stm32f0xx_hal_tim.o
                0x0000000008002a50                HAL_TIM_OC_DelayElapsedCallback
 .text.HAL_TIM_IC_CaptureCallback
                0x0000000008002a60       0x10 ./Drivers/STM32F0xx_HAL_Driver/Src/stm32f0xx_hal_tim.o
                0x0000000008002a60                HAL_TIM_IC_CaptureCallback
 .text.HAL_TIM_PWM_PulseFinishedCallback
                0x0000000008002a70       0x10 ./Drivers/STM32F0xx_HAL_Driver/Src/stm32f0xx_hal_tim.o
                0x0000000008002a70                HAL_TIM_PWM_PulseFinishedCallback
 .text.HAL_TIM_TriggerCallback
                0x0000000008002a80       0x10 ./Drivers/STM32F0xx_HAL_Driver/Src/stm32f0xx_hal_tim.o
                0x0000000008002a80                HAL_TIM_TriggerCallback
 .text.TIM_Base_SetConfig
                0x0000000008002a90       0xd8 ./Drivers/STM32F0xx_HAL_Driver/Src/stm32f0xx_hal_tim.o
                0x0000000008002a90                TIM_Base_SetConfig
 .text.HAL_TIMEx_CommutCallback
                0x0000000008002b68       0x10 ./Drivers/STM32F0xx_HAL_Driver/Src/stm32f0xx_hal_tim_ex.o
                0x0000000008002b68                HAL_TIMEx_CommutCallback
 .text.HAL_TIMEx_BreakCallback
                0x0000000008002b78       0x10 ./Drivers/STM32F0xx_HAL_Driver/Src/stm32f0xx_hal_tim_ex.o
                0x0000000008002b78                HAL_TIMEx_BreakCallback
 .text.HAL_UART_Init
                0x0000000008002b88       0xa8 ./Drivers/STM32F0xx_HAL_Driver/Src/stm32f0xx_hal_uart.o
                0x0000000008002b88                HAL_UART_Init
 .text.UART_SetConfig
                0x0000000008002c30      0x250 ./Drivers/STM32F0xx_HAL_Driver/Src/stm32f0xx_hal_uart.o
                0x0000000008002c30                UART_SetConfig
 .text.UART_AdvFeatureConfig
                0x0000000008002e80      0x168 ./Drivers/STM32F0xx_HAL_Driver/Src/stm32f0xx_hal_uart.o
                0x0000000008002e80                UART_AdvFeatureConfig
 .text.UART_CheckIdleState
                0x0000000008002fe8      0x150 ./Drivers/STM32F0xx_HAL_Driver/Src/stm32f0xx_hal_uart.o
                0x0000000008002fe8                UART_CheckIdleState
 .text.UART_WaitOnFlagUntilTimeout
                0x0000000008003138       0xd2 ./Drivers/STM32F0xx_HAL_Driver/Src/stm32f0xx_hal_uart.o
                0x0000000008003138                UART_WaitOnFlagUntilTimeout
 *fill*         0x000000000800320a        0x2 
 .text.UART_EndRxTransfer
                0x000000000800320c       0xc8 ./Drivers/STM32F0xx_HAL_Driver/Src/stm32f0xx_hal_uart.o
 .text.LL_EXTI_EnableIT_0_31
                0x00000000080032d4       0x20 ./Drivers/STM32F0xx_HAL_Driver/Src/stm32f0xx_ll_exti.o
 .text.LL_EXTI_DisableIT_0_31
                0x00000000080032f4       0x24 ./Drivers/STM32F0xx_HAL_Driver/Src/stm32f0xx_ll_exti.o
 .text.LL_EXTI_EnableEvent_0_31
                0x0000000008003318       0x20 ./Drivers/STM32F0xx_HAL_Driver/Src/stm32f0xx_ll_exti.o
 .text.LL_EXTI_DisableEvent_0_31
                0x0000000008003338       0x24 ./Drivers/STM32F0xx_HAL_Driver/Src/stm32f0xx_ll_exti.o
 .text.LL_EXTI_EnableRisingTrig_0_31
                0x000000000800335c       0x20 ./Drivers/STM32F0xx_HAL_Driver/Src/stm32f0xx_ll_exti.o
 .text.LL_EXTI_DisableRisingTrig_0_31
                0x000000000800337c       0x24 ./Drivers/STM32F0xx_HAL_Driver/Src/stm32f0xx_ll_exti.o
 .text.LL_EXTI_EnableFallingTrig_0_31
                0x00000000080033a0       0x20 ./Drivers/STM32F0xx_HAL_Driver/Src/stm32f0xx_ll_exti.o
 .text.LL_EXTI_DisableFallingTrig_0_31
                0x00000000080033c0       0x24 ./Drivers/STM32F0xx_HAL_Driver/Src/stm32f0xx_ll_exti.o
 .text.LL_EXTI_Init
                0x00000000080033e4      0x10e ./Drivers/STM32F0xx_HAL_Driver/Src/stm32f0xx_ll_exti.o
                0x00000000080033e4                LL_EXTI_Init
 .text.LL_GPIO_SetPinMode
                0x00000000080034f2       0x38 ./Drivers/STM32F0xx_HAL_Driver/Src/stm32f0xx_ll_gpio.o
 .text.LL_GPIO_SetPinOutputType
                0x000000000800352a       0x2a ./Drivers/STM32F0xx_HAL_Driver/Src/stm32f0xx_ll_gpio.o
 .text.LL_GPIO_SetPinSpeed
                0x0000000008003554       0x38 ./Drivers/STM32F0xx_HAL_Driver/Src/stm32f0xx_ll_gpio.o
 .text.LL_GPIO_SetPinPull
                0x000000000800358c       0x38 ./Drivers/STM32F0xx_HAL_Driver/Src/stm32f0xx_ll_gpio.o
 .text.LL_GPIO_SetAFPin_0_7
                0x00000000080035c4       0x46 ./Drivers/STM32F0xx_HAL_Driver/Src/stm32f0xx_ll_gpio.o
 .text.LL_GPIO_SetAFPin_8_15
                0x000000000800360a       0x5a ./Drivers/STM32F0xx_HAL_Driver/Src/stm32f0xx_ll_gpio.o
 .text.LL_GPIO_Init
                0x0000000008003664       0xb8 ./Drivers/STM32F0xx_HAL_Driver/Src/stm32f0xx_ll_gpio.o
                0x0000000008003664                LL_GPIO_Init
 .text.LL_SetSystemCoreClock
                0x000000000800371c       0x1c ./Drivers/STM32F0xx_HAL_Driver/Src/stm32f0xx_ll_utils.o
                0x000000000800371c                LL_SetSystemCoreClock
 .text.memset   0x0000000008003738       0x10 C:/ST/STM32CubeIDE_1.5.1/STM32CubeIDE/plugins/com.st.stm32cube.ide.mcu.externaltools.gnu-tools-for-stm32.11.3.rel1.win32_1.1.100.202309141235/tools/bin/../lib/gcc/arm-none-eabi/11.3.1/../../../../arm-none-eabi/lib/thumb/v6-m/nofp\libc_nano.a(libc_a-memset.o)
                0x0000000008003738                memset
 .text.__libc_init_array
                0x0000000008003748       0x48 C:/ST/STM32CubeIDE_1.5.1/STM32CubeIDE/plugins/com.st.stm32cube.ide.mcu.externaltools.gnu-tools-for-stm32.11.3.rel1.win32_1.1.100.202309141235/tools/bin/../lib/gcc/arm-none-eabi/11.3.1/../../../../arm-none-eabi/lib/thumb/v6-m/nofp\libc_nano.a(libc_a-init.o)
                0x0000000008003748                __libc_init_array
 *(.glue_7)
 .glue_7        0x0000000008003790        0x0 linker stubs
 *(.glue_7t)
 .glue_7t       0x0000000008003790        0x0 linker stubs
 *(.eh_frame)
 .eh_frame      0x0000000008003790        0x0 C:/ST/STM32CubeIDE_1.5.1/STM32CubeIDE/plugins/com.st.stm32cube.ide.mcu.externaltools.gnu-tools-for-stm32.11.3.rel1.win32_1.1.100.202309141235/tools/bin/../lib/gcc/arm-none-eabi/11.3.1/thumb/v6-m/nofp/crtbegin.o
 *(.init)
 .init          0x0000000008003790        0x4 C:/ST/STM32CubeIDE_1.5.1/STM32CubeIDE/plugins/com.st.stm32cube.ide.mcu.externaltools.gnu-tools-for-stm32.11.3.rel1.win32_1.1.100.202309141235/tools/bin/../lib/gcc/arm-none-eabi/11.3.1/thumb/v6-m/nofp/crti.o
                0x0000000008003790                _init
 .init          0x0000000008003794        0x8 C:/ST/STM32CubeIDE_1.5.1/STM32CubeIDE/plugins/com.st.stm32cube.ide.mcu.externaltools.gnu-tools-for-stm32.11.3.rel1.win32_1.1.100.202309141235/tools/bin/../lib/gcc/arm-none-eabi/11.3.1/thumb/v6-m/nofp/crtn.o
 *(.fini)
 .fini          0x000000000800379c        0x4 C:/ST/STM32CubeIDE_1.5.1/STM32CubeIDE/plugins/com.st.stm32cube.ide.mcu.externaltools.gnu-tools-for-stm32.11.3.rel1.win32_1.1.100.202309141235/tools/bin/../lib/gcc/arm-none-eabi/11.3.1/thumb/v6-m/nofp/crti.o
                0x000000000800379c                _fini
 .fini          0x00000000080037a0        0x8 C:/ST/STM32CubeIDE_1.5.1/STM32CubeIDE/plugins/com.st.stm32cube.ide.mcu.externaltools.gnu-tools-for-stm32.11.3.rel1.win32_1.1.100.202309141235/tools/bin/../lib/gcc/arm-none-eabi/11.3.1/thumb/v6-m/nofp/crtn.o
                0x00000000080037a8                . = ALIGN (0x4)
                0x00000000080037a8                _etext = .

.vfp11_veneer   0x00000000080037a8        0x0
 .vfp11_veneer  0x00000000080037a8        0x0 linker stubs

.v4_bx          0x00000000080037a8        0x0
 .v4_bx         0x00000000080037a8        0x0 linker stubs

.iplt           0x00000000080037a8        0x0
 .iplt          0x00000000080037a8        0x0 C:/ST/STM32CubeIDE_1.5.1/STM32CubeIDE/plugins/com.st.stm32cube.ide.mcu.externaltools.gnu-tools-for-stm32.11.3.rel1.win32_1.1.100.202309141235/tools/bin/../lib/gcc/arm-none-eabi/11.3.1/thumb/v6-m/nofp/crtbegin.o

.rodata         0x00000000080037a8       0xbc
                0x00000000080037a8                . = ALIGN (0x4)
 *(.rodata)
 .rodata        0x00000000080037a8       0x80 C:/ST/STM32CubeIDE_1.5.1/STM32CubeIDE/plugins/com.st.stm32cube.ide.mcu.externaltools.gnu-tools-for-stm32.11.3.rel1.win32_1.1.100.202309141235/tools/bin/../lib/gcc/arm-none-eabi/11.3.1/thumb/v6-m/nofp\libgcc.a(divsf3.o)
 *(.rodata*)
 .rodata.main   0x0000000008003828       0x14 ./Core/Src/main.o
 .rodata.APBPrescTable
                0x000000000800383c        0x8 ./Core/Src/system_stm32f0xx.o
                0x000000000800383c                APBPrescTable
 .rodata.aPLLMULFactorTable.1
                0x0000000008003844       0x10 ./Drivers/STM32F0xx_HAL_Driver/Src/stm32f0xx_hal_rcc.o
 .rodata.aPredivFactorTable.0
                0x0000000008003854       0x10 ./Drivers/STM32F0xx_HAL_Driver/Src/stm32f0xx_hal_rcc.o
                0x0000000008003864                . = ALIGN (0x4)

.rel.dyn        0x0000000008003864        0x0
 .rel.iplt      0x0000000008003864        0x0 C:/ST/STM32CubeIDE_1.5.1/STM32CubeIDE/plugins/com.st.stm32cube.ide.mcu.externaltools.gnu-tools-for-stm32.11.3.rel1.win32_1.1.100.202309141235/tools/bin/../lib/gcc/arm-none-eabi/11.3.1/thumb/v6-m/nofp/crtbegin.o

.ARM.extab      0x0000000008003864        0x0
                0x0000000008003864                . = ALIGN (0x4)
 *(.ARM.extab* .gnu.linkonce.armextab.*)
                0x0000000008003864                . = ALIGN (0x4)

.ARM            0x0000000008003864        0x0
                0x0000000008003864                . = ALIGN (0x4)
                0x0000000008003864                __exidx_start = .
 *(.ARM.exidx*)
                0x0000000008003864                __exidx_end = .
                0x0000000008003864                . = ALIGN (0x4)

.preinit_array  0x0000000008003864        0x0
                0x0000000008003864                . = ALIGN (0x4)
                0x0000000008003864                PROVIDE (__preinit_array_start = .)
 *(.preinit_array*)
                0x0000000008003864                PROVIDE (__preinit_array_end = .)
                0x0000000008003864                . = ALIGN (0x4)

.init_array     0x0000000008003864        0x4
                0x0000000008003864                . = ALIGN (0x4)
                0x0000000008003864                PROVIDE (__init_array_start = .)
 *(SORT_BY_NAME(.init_array.*))
 *(.init_array*)
 .init_array    0x0000000008003864        0x4 C:/ST/STM32CubeIDE_1.5.1/STM32CubeIDE/plugins/com.st.stm32cube.ide.mcu.externaltools.gnu-tools-for-stm32.11.3.rel1.win32_1.1.100.202309141235/tools/bin/../lib/gcc/arm-none-eabi/11.3.1/thumb/v6-m/nofp/crtbegin.o
                0x0000000008003868                PROVIDE (__init_array_end = .)
                0x0000000008003868                . = ALIGN (0x4)

.fini_array     0x0000000008003868        0x4
                0x0000000008003868                . = ALIGN (0x4)
                [!provide]                        PROVIDE (__fini_array_start = .)
 *(SORT_BY_NAME(.fini_array.*))
 *(.fini_array*)
 .fini_array    0x0000000008003868        0x4 C:/ST/STM32CubeIDE_1.5.1/STM32CubeIDE/plugins/com.st.stm32cube.ide.mcu.externaltools.gnu-tools-for-stm32.11.3.rel1.win32_1.1.100.202309141235/tools/bin/../lib/gcc/arm-none-eabi/11.3.1/thumb/v6-m/nofp/crtbegin.o
                [!provide]                        PROVIDE (__fini_array_end = .)
                0x000000000800386c                . = ALIGN (0x4)
                0x000000000800386c                _sidata = LOADADDR (.data)

.data           0x0000000020000000       0x18 load address 0x000000000800386c
                0x0000000020000000                . = ALIGN (0x4)
                0x0000000020000000                _sdata = .
 *(.data)
 *(.data*)
 .data.setTEMP  0x0000000020000000        0x4 ./Core/Src/main.o
                0x0000000020000000                setTEMP
 .data.time_out_DS18B20
                0x0000000020000004        0x4 ./Core/Src/main.o
                0x0000000020000004                time_out_DS18B20
 .data.delay_dimm_us
                0x0000000020000008        0x4 ./Core/Src/main.o
                0x0000000020000008                delay_dimm_us
 .data.SystemCoreClock
                0x000000002000000c        0x4 ./Core/Src/system_stm32f0xx.o
                0x000000002000000c                SystemCoreClock
 .data.uwTickPrio
                0x0000000020000010        0x4 ./Drivers/STM32F0xx_HAL_Driver/Src/stm32f0xx_hal.o
                0x0000000020000010                uwTickPrio
 .data.uwTickFreq
                0x0000000020000014        0x1 ./Drivers/STM32F0xx_HAL_Driver/Src/stm32f0xx_hal.o
                0x0000000020000014                uwTickFreq
 *(.RamFunc)
 *(.RamFunc*)
                0x0000000020000018                . = ALIGN (0x4)
 *fill*         0x0000000020000015        0x3 
                0x0000000020000018                _edata = .

.igot.plt       0x0000000020000018        0x0 load address 0x0000000008003884
 .igot.plt      0x0000000020000018        0x0 C:/ST/STM32CubeIDE_1.5.1/STM32CubeIDE/plugins/com.st.stm32cube.ide.mcu.externaltools.gnu-tools-for-stm32.11.3.rel1.win32_1.1.100.202309141235/tools/bin/../lib/gcc/arm-none-eabi/11.3.1/thumb/v6-m/nofp/crtbegin.o
                0x0000000020000018                . = ALIGN (0x4)

.bss            0x0000000020000018      0x158 load address 0x0000000008003884
                0x0000000020000018                _sbss = .
                0x0000000020000018                __bss_start__ = _sbss
 *(.bss)
 .bss           0x0000000020000018       0x1c C:/ST/STM32CubeIDE_1.5.1/STM32CubeIDE/plugins/com.st.stm32cube.ide.mcu.externaltools.gnu-tools-for-stm32.11.3.rel1.win32_1.1.100.202309141235/tools/bin/../lib/gcc/arm-none-eabi/11.3.1/thumb/v6-m/nofp/crtbegin.o
 *(.bss*)
 .bss.Temperature
                0x0000000020000034        0x4 ./Core/Src/main.o
                0x0000000020000034                Temperature
 .bss.Presence  0x0000000020000038        0x1 ./Core/Src/main.o
                0x0000000020000038                Presence
 .bss.Temp_byte1
                0x0000000020000039        0x1 ./Core/Src/main.o
                0x0000000020000039                Temp_byte1
 .bss.Temp_byte2
                0x000000002000003a        0x1 ./Core/Src/main.o
                0x000000002000003a                Temp_byte2
 *fill*         0x000000002000003b        0x1 
 .bss.TEMP      0x000000002000003c        0x2 ./Core/Src/main.o
                0x000000002000003c                TEMP
 *fill*         0x000000002000003e        0x2 
 .bss.oldTime   0x0000000020000040        0x4 ./Core/Src/main.o
                0x0000000020000040                oldTime
 .bss.time      0x0000000020000044        0x4 ./Core/Src/main.o
                0x0000000020000044                time
 .bss.time_DS18B20
                0x0000000020000048        0x4 ./Core/Src/main.o
                0x0000000020000048                time_DS18B20
 .bss.time_DS18B20_Read
                0x000000002000004c        0x4 ./Core/Src/main.o
                0x000000002000004c                time_DS18B20_Read
 .bss.event_DS18B20
                0x0000000020000050        0x1 ./Core/Src/main.o
                0x0000000020000050                event_DS18B20
 *fill*         0x0000000020000051        0x3 
 .bss.htim16    0x0000000020000054       0x48 ./Core/Src/tim.o
                0x0000000020000054                htim16
 .bss.htim17    0x000000002000009c       0x48 ./Core/Src/tim.o
                0x000000002000009c                htim17
 .bss.huart1    0x00000000200000e4       0x88 ./Core/Src/usart.o
                0x00000000200000e4                huart1
 .bss.uwTick    0x000000002000016c        0x4 ./Drivers/STM32F0xx_HAL_Driver/Src/stm32f0xx_hal.o
                0x000000002000016c                uwTick
 *(COMMON)
                0x0000000020000170                . = ALIGN (0x4)
                0x0000000020000170                _ebss = .
                0x0000000020000170                __bss_end__ = _ebss

._user_heap_stack
                0x0000000020000170      0x600 load address 0x0000000008003884
                0x0000000020000170                . = ALIGN (0x8)
                [!provide]                        PROVIDE (end = .)
                0x0000000020000170                PROVIDE (_end = .)
                0x0000000020000370                . = (. + _Min_Heap_Size)
 *fill*         0x0000000020000170      0x200 
                0x0000000020000770                . = (. + _Min_Stack_Size)
 *fill*         0x0000000020000370      0x400 
                0x0000000020000770                . = ALIGN (0x8)

/DISCARD/
 libc.a(*)
 libm.a(*)
 libgcc.a(*)

.ARM.attributes
                0x0000000000000000       0x28
 *(.ARM.attributes)
 .ARM.attributes
                0x0000000000000000       0x1e C:/ST/STM32CubeIDE_1.5.1/STM32CubeIDE/plugins/com.st.stm32cube.ide.mcu.externaltools.gnu-tools-for-stm32.11.3.rel1.win32_1.1.100.202309141235/tools/bin/../lib/gcc/arm-none-eabi/11.3.1/thumb/v6-m/nofp/crti.o
 .ARM.attributes
                0x000000000000001e       0x2c C:/ST/STM32CubeIDE_1.5.1/STM32CubeIDE/plugins/com.st.stm32cube.ide.mcu.externaltools.gnu-tools-for-stm32.11.3.rel1.win32_1.1.100.202309141235/tools/bin/../lib/gcc/arm-none-eabi/11.3.1/thumb/v6-m/nofp/crtbegin.o
 .ARM.attributes
                0x000000000000004a       0x2c ./Core/Src/gpio.o
 .ARM.attributes
                0x0000000000000076       0x2c ./Core/Src/main.o
 .ARM.attributes
                0x00000000000000a2       0x2c ./Core/Src/stm32f0xx_hal_msp.o
 .ARM.attributes
                0x00000000000000ce       0x2c ./Core/Src/stm32f0xx_it.o
 .ARM.attributes
                0x00000000000000fa       0x2c ./Core/Src/system_stm32f0xx.o
 .ARM.attributes
                0x0000000000000126       0x2c ./Core/Src/tim.o
 .ARM.attributes
                0x0000000000000152       0x2c ./Core/Src/usart.o
 .ARM.attributes
                0x000000000000017e       0x21 ./Core/Startup/startup_stm32f030f4px.o
 .ARM.attributes
                0x000000000000019f       0x2c ./Drivers/STM32F0xx_HAL_Driver/Src/stm32f0xx_hal.o
 .ARM.attributes
                0x00000000000001cb       0x2c ./Drivers/STM32F0xx_HAL_Driver/Src/stm32f0xx_hal_cortex.o
 .ARM.attributes
                0x00000000000001f7       0x2c ./Drivers/STM32F0xx_HAL_Driver/Src/stm32f0xx_hal_gpio.o
 .ARM.attributes
                0x0000000000000223       0x2c ./Drivers/STM32F0xx_HAL_Driver/Src/stm32f0xx_hal_rcc.o
 .ARM.attributes
                0x000000000000024f       0x2c ./Drivers/STM32F0xx_HAL_Driver/Src/stm32f0xx_hal_tim.o
 .ARM.attributes
                0x000000000000027b       0x2c ./Drivers/STM32F0xx_HAL_Driver/Src/stm32f0xx_hal_tim_ex.o
 .ARM.attributes
                0x00000000000002a7       0x2c ./Drivers/STM32F0xx_HAL_Driver/Src/stm32f0xx_hal_uart.o
 .ARM.attributes
                0x00000000000002d3       0x2c ./Drivers/STM32F0xx_HAL_Driver/Src/stm32f0xx_ll_exti.o
 .ARM.attributes
                0x00000000000002ff       0x2c ./Drivers/STM32F0xx_HAL_Driver/Src/stm32f0xx_ll_gpio.o
 .ARM.attributes
                0x000000000000032b       0x2c ./Drivers/STM32F0xx_HAL_Driver/Src/stm32f0xx_ll_utils.o
 .ARM.attributes
                0x0000000000000357       0x2c C:/ST/STM32CubeIDE_1.5.1/STM32CubeIDE/plugins/com.st.stm32cube.ide.mcu.externaltools.gnu-tools-for-stm32.11.3.rel1.win32_1.1.100.202309141235/tools/bin/../lib/gcc/arm-none-eabi/11.3.1/../../../../arm-none-eabi/lib/thumb/v6-m/nofp\libc_nano.a(libc_a-memset.o)
 .ARM.attributes
                0x0000000000000383       0x2c C:/ST/STM32CubeIDE_1.5.1/STM32CubeIDE/plugins/com.st.stm32cube.ide.mcu.externaltools.gnu-tools-for-stm32.11.3.rel1.win32_1.1.100.202309141235/tools/bin/../lib/gcc/arm-none-eabi/11.3.1/../../../../arm-none-eabi/lib/thumb/v6-m/nofp\libc_nano.a(libc_a-init.o)
 .ARM.attributes
                0x00000000000003af       0x1e C:/ST/STM32CubeIDE_1.5.1/STM32CubeIDE/plugins/com.st.stm32cube.ide.mcu.externaltools.gnu-tools-for-stm32.11.3.rel1.win32_1.1.100.202309141235/tools/bin/../lib/gcc/arm-none-eabi/11.3.1/thumb/v6-m/nofp\libgcc.a(_udivsi3.o)
 .ARM.attributes
                0x00000000000003cd       0x1e C:/ST/STM32CubeIDE_1.5.1/STM32CubeIDE/plugins/com.st.stm32cube.ide.mcu.externaltools.gnu-tools-for-stm32.11.3.rel1.win32_1.1.100.202309141235/tools/bin/../lib/gcc/arm-none-eabi/11.3.1/thumb/v6-m/nofp\libgcc.a(_dvmd_tls.o)
 .ARM.attributes
                0x00000000000003eb       0x2c C:/ST/STM32CubeIDE_1.5.1/STM32CubeIDE/plugins/com.st.stm32cube.ide.mcu.externaltools.gnu-tools-for-stm32.11.3.rel1.win32_1.1.100.202309141235/tools/bin/../lib/gcc/arm-none-eabi/11.3.1/thumb/v6-m/nofp\libgcc.a(_fixunssfsi.o)
 .ARM.attributes
                0x0000000000000417       0x2c C:/ST/STM32CubeIDE_1.5.1/STM32CubeIDE/plugins/com.st.stm32cube.ide.mcu.externaltools.gnu-tools-for-stm32.11.3.rel1.win32_1.1.100.202309141235/tools/bin/../lib/gcc/arm-none-eabi/11.3.1/thumb/v6-m/nofp\libgcc.a(addsf3.o)
 .ARM.attributes
                0x0000000000000443       0x2c C:/ST/STM32CubeIDE_1.5.1/STM32CubeIDE/plugins/com.st.stm32cube.ide.mcu.externaltools.gnu-tools-for-stm32.11.3.rel1.win32_1.1.100.202309141235/tools/bin/../lib/gcc/arm-none-eabi/11.3.1/thumb/v6-m/nofp\libgcc.a(divsf3.o)
 .ARM.attributes
                0x000000000000046f       0x2c C:/ST/STM32CubeIDE_1.5.1/STM32CubeIDE/plugins/com.st.stm32cube.ide.mcu.externaltools.gnu-tools-for-stm32.11.3.rel1.win32_1.1.100.202309141235/tools/bin/../lib/gcc/arm-none-eabi/11.3.1/thumb/v6-m/nofp\libgcc.a(mulsf3.o)
 .ARM.attributes
                0x000000000000049b       0x2c C:/ST/STM32CubeIDE_1.5.1/STM32CubeIDE/plugins/com.st.stm32cube.ide.mcu.externaltools.gnu-tools-for-stm32.11.3.rel1.win32_1.1.100.202309141235/tools/bin/../lib/gcc/arm-none-eabi/11.3.1/thumb/v6-m/nofp\libgcc.a(subsf3.o)
 .ARM.attributes
                0x00000000000004c7       0x2c C:/ST/STM32CubeIDE_1.5.1/STM32CubeIDE/plugins/com.st.stm32cube.ide.mcu.externaltools.gnu-tools-for-stm32.11.3.rel1.win32_1.1.100.202309141235/tools/bin/../lib/gcc/arm-none-eabi/11.3.1/thumb/v6-m/nofp\libgcc.a(fixsfsi.o)
 .ARM.attributes
                0x00000000000004f3       0x2c C:/ST/STM32CubeIDE_1.5.1/STM32CubeIDE/plugins/com.st.stm32cube.ide.mcu.externaltools.gnu-tools-for-stm32.11.3.rel1.win32_1.1.100.202309141235/tools/bin/../lib/gcc/arm-none-eabi/11.3.1/thumb/v6-m/nofp\libgcc.a(floatunsisf.o)
 .ARM.attributes
                0x000000000000051f       0x1e C:/ST/STM32CubeIDE_1.5.1/STM32CubeIDE/plugins/com.st.stm32cube.ide.mcu.externaltools.gnu-tools-for-stm32.11.3.rel1.win32_1.1.100.202309141235/tools/bin/../lib/gcc/arm-none-eabi/11.3.1/thumb/v6-m/nofp\libgcc.a(_arm_cmpsf2.o)
 .ARM.attributes
                0x000000000000053d       0x1e C:/ST/STM32CubeIDE_1.5.1/STM32CubeIDE/plugins/com.st.stm32cube.ide.mcu.externaltools.gnu-tools-for-stm32.11.3.rel1.win32_1.1.100.202309141235/tools/bin/../lib/gcc/arm-none-eabi/11.3.1/thumb/v6-m/nofp\libgcc.a(_clzsi2.o)
 .ARM.attributes
                0x000000000000055b       0x2c C:/ST/STM32CubeIDE_1.5.1/STM32CubeIDE/plugins/com.st.stm32cube.ide.mcu.externaltools.gnu-tools-for-stm32.11.3.rel1.win32_1.1.100.202309141235/tools/bin/../lib/gcc/arm-none-eabi/11.3.1/thumb/v6-m/nofp\libgcc.a(eqsf2.o)
 .ARM.attributes
                0x0000000000000587       0x2c C:/ST/STM32CubeIDE_1.5.1/STM32CubeIDE/plugins/com.st.stm32cube.ide.mcu.externaltools.gnu-tools-for-stm32.11.3.rel1.win32_1.1.100.202309141235/tools/bin/../lib/gcc/arm-none-eabi/11.3.1/thumb/v6-m/nofp\libgcc.a(gesf2.o)
 .ARM.attributes
                0x00000000000005b3       0x2c C:/ST/STM32CubeIDE_1.5.1/STM32CubeIDE/plugins/com.st.stm32cube.ide.mcu.externaltools.gnu-tools-for-stm32.11.3.rel1.win32_1.1.100.202309141235/tools/bin/../lib/gcc/arm-none-eabi/11.3.1/thumb/v6-m/nofp\libgcc.a(lesf2.o)
 .ARM.attributes
                0x00000000000005df       0x1e C:/ST/STM32CubeIDE_1.5.1/STM32CubeIDE/plugins/com.st.stm32cube.ide.mcu.externaltools.gnu-tools-for-stm32.11.3.rel1.win32_1.1.100.202309141235/tools/bin/../lib/gcc/arm-none-eabi/11.3.1/thumb/v6-m/nofp/crtn.o
OUTPUT(dimmer.elf elf32-littlearm)
LOAD linker stubs
LOAD C:/ST/STM32CubeIDE_1.5.1/STM32CubeIDE/plugins/com.st.stm32cube.ide.mcu.externaltools.gnu-tools-for-stm32.11.3.rel1.win32_1.1.100.202309141235/tools/bin/../lib/gcc/arm-none-eabi/11.3.1/../../../../arm-none-eabi/lib/thumb/v6-m/nofp\libc.a
LOAD C:/ST/STM32CubeIDE_1.5.1/STM32CubeIDE/plugins/com.st.stm32cube.ide.mcu.externaltools.gnu-tools-for-stm32.11.3.rel1.win32_1.1.100.202309141235/tools/bin/../lib/gcc/arm-none-eabi/11.3.1/../../../../arm-none-eabi/lib/thumb/v6-m/nofp\libm.a
LOAD C:/ST/STM32CubeIDE_1.5.1/STM32CubeIDE/plugins/com.st.stm32cube.ide.mcu.externaltools.gnu-tools-for-stm32.11.3.rel1.win32_1.1.100.202309141235/tools/bin/../lib/gcc/arm-none-eabi/11.3.1/thumb/v6-m/nofp\libgcc.a

.comment        0x0000000000000000       0x43
 .comment       0x0000000000000000       0x43 C:/ST/STM32CubeIDE_1.5.1/STM32CubeIDE/plugins/com.st.stm32cube.ide.mcu.externaltools.gnu-tools-for-stm32.11.3.rel1.win32_1.1.100.202309141235/tools/bin/../lib/gcc/arm-none-eabi/11.3.1/thumb/v6-m/nofp/crtbegin.o
                                         0x44 (size before relaxing)
 .comment       0x0000000000000043       0x44 ./Core/Src/gpio.o
 .comment       0x0000000000000043       0x44 ./Core/Src/main.o
 .comment       0x0000000000000043       0x44 ./Core/Src/stm32f0xx_hal_msp.o
 .comment       0x0000000000000043       0x44 ./Core/Src/stm32f0xx_it.o
 .comment       0x0000000000000043       0x44 ./Core/Src/system_stm32f0xx.o
 .comment       0x0000000000000043       0x44 ./Core/Src/tim.o
 .comment       0x0000000000000043       0x44 ./Core/Src/usart.o
 .comment       0x0000000000000043       0x44 ./Drivers/STM32F0xx_HAL_Driver/Src/stm32f0xx_hal.o
 .comment       0x0000000000000043       0x44 ./Drivers/STM32F0xx_HAL_Driver/Src/stm32f0xx_hal_cortex.o
 .comment       0x0000000000000043       0x44 ./Drivers/STM32F0xx_HAL_Driver/Src/stm32f0xx_hal_gpio.o
 .comment       0x0000000000000043       0x44 ./Drivers/STM32F0xx_HAL_Driver/Src/stm32f0xx_hal_rcc.o
 .comment       0x0000000000000043       0x44 ./Drivers/STM32F0xx_HAL_Driver/Src/stm32f0xx_hal_tim.o
 .comment       0x0000000000000043       0x44 ./Drivers/STM32F0xx_HAL_Driver/Src/stm32f0xx_hal_tim_ex.o
 .comment       0x0000000000000043       0x44 ./Drivers/STM32F0xx_HAL_Driver/Src/stm32f0xx_hal_uart.o
 .comment       0x0000000000000043       0x44 ./Drivers/STM32F0xx_HAL_Driver/Src/stm32f0xx_ll_exti.o
 .comment       0x0000000000000043       0x44 ./Drivers/STM32F0xx_HAL_Driver/Src/stm32f0xx_ll_gpio.o
 .comment       0x0000000000000043       0x44 ./Drivers/STM32F0xx_HAL_Driver/Src/stm32f0xx_ll_utils.o

.debug_info     0x0000000000000000     0xd782
 .debug_info    0x0000000000000000      0x7ff ./Core/Src/gpio.o
 .debug_info    0x00000000000007ff      0xf12 ./Core/Src/main.o
 .debug_info    0x0000000000001711      0x1e1 ./Core/Src/stm32f0xx_hal_msp.o
 .debug_info    0x00000000000018f2      0x767 ./Core/Src/stm32f0xx_it.o
 .debug_info    0x0000000000002059      0x242 ./Core/Src/system_stm32f0xx.o
 .debug_info    0x000000000000229b      0x8df ./Core/Src/tim.o
 .debug_info    0x0000000000002b7a      0x958 ./Core/Src/usart.o
 .debug_info    0x00000000000034d2       0x23 ./Core/Startup/startup_stm32f030f4px.o
 .debug_info    0x00000000000034f5      0x652 ./Drivers/STM32F0xx_HAL_Driver/Src/stm32f0xx_hal.o
 .debug_info    0x0000000000003b47      0x67d ./Drivers/STM32F0xx_HAL_Driver/Src/stm32f0xx_hal_cortex.o
 .debug_info    0x00000000000041c4      0x5c8 ./Drivers/STM32F0xx_HAL_Driver/Src/stm32f0xx_hal_gpio.o
 .debug_info    0x000000000000478c      0x844 ./Drivers/STM32F0xx_HAL_Driver/Src/stm32f0xx_hal_rcc.o
 .debug_info    0x0000000000004fd0     0x2928 ./Drivers/STM32F0xx_HAL_Driver/Src/stm32f0xx_hal_tim.o
 .debug_info    0x00000000000078f8     0x1488 ./Drivers/STM32F0xx_HAL_Driver/Src/stm32f0xx_hal_tim_ex.o
 .debug_info    0x0000000000008d80     0x3a2a ./Drivers/STM32F0xx_HAL_Driver/Src/stm32f0xx_hal_uart.o
 .debug_info    0x000000000000c7aa      0x337 ./Drivers/STM32F0xx_HAL_Driver/Src/stm32f0xx_ll_exti.o
 .debug_info    0x000000000000cae1      0x52f ./Drivers/STM32F0xx_HAL_Driver/Src/stm32f0xx_ll_gpio.o
 .debug_info    0x000000000000d010      0x772 ./Drivers/STM32F0xx_HAL_Driver/Src/stm32f0xx_ll_utils.o

.debug_abbrev   0x0000000000000000     0x2408
 .debug_abbrev  0x0000000000000000      0x1fa ./Core/Src/gpio.o
 .debug_abbrev  0x00000000000001fa      0x380 ./Core/Src/main.o
 .debug_abbrev  0x000000000000057a       0xdd ./Core/Src/stm32f0xx_hal_msp.o
 .debug_abbrev  0x0000000000000657      0x20a ./Core/Src/stm32f0xx_it.o
 .debug_abbrev  0x0000000000000861      0x11c ./Core/Src/system_stm32f0xx.o
 .debug_abbrev  0x000000000000097d      0x21a ./Core/Src/tim.o
 .debug_abbrev  0x0000000000000b97      0x1f5 ./Core/Src/usart.o
 .debug_abbrev  0x0000000000000d8c       0x12 ./Core/Startup/startup_stm32f030f4px.o
 .debug_abbrev  0x0000000000000d9e      0x24b ./Drivers/STM32F0xx_HAL_Driver/Src/stm32f0xx_hal.o
 .debug_abbrev  0x0000000000000fe9      0x28c ./Drivers/STM32F0xx_HAL_Driver/Src/stm32f0xx_hal_cortex.o
 .debug_abbrev  0x0000000000001275      0x1c6 ./Drivers/STM32F0xx_HAL_Driver/Src/stm32f0xx_hal_gpio.o
 .debug_abbrev  0x000000000000143b      0x28b ./Drivers/STM32F0xx_HAL_Driver/Src/stm32f0xx_hal_rcc.o
 .debug_abbrev  0x00000000000016c6      0x28c ./Drivers/STM32F0xx_HAL_Driver/Src/stm32f0xx_hal_tim.o
 .debug_abbrev  0x0000000000001952      0x297 ./Drivers/STM32F0xx_HAL_Driver/Src/stm32f0xx_hal_tim_ex.o
 .debug_abbrev  0x0000000000001be9      0x2cc ./Drivers/STM32F0xx_HAL_Driver/Src/stm32f0xx_hal_uart.o
 .debug_abbrev  0x0000000000001eb5      0x159 ./Drivers/STM32F0xx_HAL_Driver/Src/stm32f0xx_ll_exti.o
 .debug_abbrev  0x000000000000200e      0x1a2 ./Drivers/STM32F0xx_HAL_Driver/Src/stm32f0xx_ll_gpio.o
 .debug_abbrev  0x00000000000021b0      0x258 ./Drivers/STM32F0xx_HAL_Driver/Src/stm32f0xx_ll_utils.o

.debug_aranges  0x0000000000000000      0xdf0
 .debug_aranges
                0x0000000000000000       0x58 ./Core/Src/gpio.o
 .debug_aranges
                0x0000000000000058       0xe0 ./Core/Src/main.o
 .debug_aranges
                0x0000000000000138       0x20 ./Core/Src/stm32f0xx_hal_msp.o
 .debug_aranges
                0x0000000000000158       0x60 ./Core/Src/stm32f0xx_it.o
 .debug_aranges
                0x00000000000001b8       0x28 ./Core/Src/system_stm32f0xx.o
 .debug_aranges
                0x00000000000001e0       0x38 ./Core/Src/tim.o
 .debug_aranges
                0x0000000000000218       0x30 ./Core/Src/usart.o
 .debug_aranges
                0x0000000000000248       0x28 ./Core/Startup/startup_stm32f030f4px.o
 .debug_aranges
                0x0000000000000270       0xd0 ./Drivers/STM32F0xx_HAL_Driver/Src/stm32f0xx_hal.o
 .debug_aranges
                0x0000000000000340       0xc0 ./Drivers/STM32F0xx_HAL_Driver/Src/stm32f0xx_hal_cortex.o
 .debug_aranges
                0x0000000000000400       0x58 ./Drivers/STM32F0xx_HAL_Driver/Src/stm32f0xx_hal_gpio.o
 .debug_aranges
                0x0000000000000458       0x80 ./Drivers/STM32F0xx_HAL_Driver/Src/stm32f0xx_hal_rcc.o
 .debug_aranges
                0x00000000000004d8      0x3d0 ./Drivers/STM32F0xx_HAL_Driver/Src/stm32f0xx_hal_tim.o
 .debug_aranges
                0x00000000000008a8      0x168 ./Drivers/STM32F0xx_HAL_Driver/Src/stm32f0xx_hal_tim_ex.o
 .debug_aranges
                0x0000000000000a10      0x218 ./Drivers/STM32F0xx_HAL_Driver/Src/stm32f0xx_hal_uart.o
 .debug_aranges
                0x0000000000000c28       0x70 ./Drivers/STM32F0xx_HAL_Driver/Src/stm32f0xx_ll_exti.o
 .debug_aranges
                0x0000000000000c98       0x70 ./Drivers/STM32F0xx_HAL_Driver/Src/stm32f0xx_ll_gpio.o
 .debug_aranges
                0x0000000000000d08       0xe8 ./Drivers/STM32F0xx_HAL_Driver/Src/stm32f0xx_ll_utils.o

.debug_rnglists
                0x0000000000000000      0xad5
 .debug_rnglists
                0x0000000000000000       0x3f ./Core/Src/gpio.o
 .debug_rnglists
                0x000000000000003f       0xa8 ./Core/Src/main.o
 .debug_rnglists
                0x00000000000000e7       0x13 ./Core/Src/stm32f0xx_hal_msp.o
 .debug_rnglists
                0x00000000000000fa       0x43 ./Core/Src/stm32f0xx_it.o
 .debug_rnglists
                0x000000000000013d       0x1a ./Core/Src/system_stm32f0xx.o
 .debug_rnglists
                0x0000000000000157       0x25 ./Core/Src/tim.o
 .debug_rnglists
                0x000000000000017c       0x20 ./Core/Src/usart.o
 .debug_rnglists
                0x000000000000019c       0x19 ./Core/Startup/startup_stm32f030f4px.o
 .debug_rnglists
                0x00000000000001b5       0x97 ./Drivers/STM32F0xx_HAL_Driver/Src/stm32f0xx_hal.o
 .debug_rnglists
                0x000000000000024c       0x8c ./Drivers/STM32F0xx_HAL_Driver/Src/stm32f0xx_hal_cortex.o
 .debug_rnglists
                0x00000000000002d8       0x3f ./Drivers/STM32F0xx_HAL_Driver/Src/stm32f0xx_hal_gpio.o
 .debug_rnglists
                0x0000000000000317       0x61 ./Drivers/STM32F0xx_HAL_Driver/Src/stm32f0xx_hal_rcc.o
 .debug_rnglists
                0x0000000000000378      0x31b ./Drivers/STM32F0xx_HAL_Driver/Src/stm32f0xx_hal_tim.o
 .debug_rnglists
                0x0000000000000693      0x126 ./Drivers/STM32F0xx_HAL_Driver/Src/stm32f0xx_hal_tim_ex.o
 .debug_rnglists
                0x00000000000007b9      0x1ce ./Drivers/STM32F0xx_HAL_Driver/Src/stm32f0xx_hal_uart.o
 .debug_rnglists
                0x0000000000000987       0x50 ./Drivers/STM32F0xx_HAL_Driver/Src/stm32f0xx_ll_exti.o
 .debug_rnglists
                0x00000000000009d7       0x51 ./Drivers/STM32F0xx_HAL_Driver/Src/stm32f0xx_ll_gpio.o
 .debug_rnglists
                0x0000000000000a28       0xad ./Drivers/STM32F0xx_HAL_Driver/Src/stm32f0xx_ll_utils.o

.debug_macro    0x0000000000000000    0x10f61
 .debug_macro   0x0000000000000000      0x235 ./Core/Src/gpio.o
 .debug_macro   0x0000000000000235      0xa84 ./Core/Src/gpio.o
 .debug_macro   0x0000000000000cb9      0x133 ./Core/Src/gpio.o
 .debug_macro   0x0000000000000dec       0x2e ./Core/Src/gpio.o
 .debug_macro   0x0000000000000e1a       0x22 ./Core/Src/gpio.o
 .debug_macro   0x0000000000000e3c       0x22 ./Core/Src/gpio.o
 .debug_macro   0x0000000000000e5e       0x8e ./Core/Src/gpio.o
 .debug_macro   0x0000000000000eec       0x51 ./Core/Src/gpio.o
 .debug_macro   0x0000000000000f3d      0x103 ./Core/Src/gpio.o
 .debug_macro   0x0000000000001040       0x6a ./Core/Src/gpio.o
 .debug_macro   0x00000000000010aa      0x1df ./Core/Src/gpio.o
 .debug_macro   0x0000000000001289       0x1c ./Core/Src/gpio.o
 .debug_macro   0x00000000000012a5       0x22 ./Core/Src/gpio.o
 .debug_macro   0x00000000000012c7       0xaf ./Core/Src/gpio.o
 .debug_macro   0x0000000000001376      0x391 ./Core/Src/gpio.o
 .debug_macro   0x0000000000001707     0x6e6e ./Core/Src/gpio.o
 .debug_macro   0x0000000000008575       0x66 ./Core/Src/gpio.o
 .debug_macro   0x00000000000085db     0x34be ./Core/Src/gpio.o
 .debug_macro   0x000000000000ba99      0x174 ./Core/Src/gpio.o
 .debug_macro   0x000000000000bc0d       0x55 ./Core/Src/gpio.o
 .debug_macro   0x000000000000bc62      0x924 ./Core/Src/gpio.o
 .debug_macro   0x000000000000c586       0xe5 ./Core/Src/gpio.o
 .debug_macro   0x000000000000c66b      0x1ae ./Core/Src/gpio.o
 .debug_macro   0x000000000000c819       0xb3 ./Core/Src/gpio.o
 .debug_macro   0x000000000000c8cc      0x1a0 ./Core/Src/gpio.o
 .debug_macro   0x000000000000ca6c      0x1ed ./Core/Src/gpio.o
 .debug_macro   0x000000000000cc59       0x34 ./Core/Src/gpio.o
 .debug_macro   0x000000000000cc8d       0x43 ./Core/Src/gpio.o
 .debug_macro   0x000000000000ccd0       0x28 ./Core/Src/gpio.o
 .debug_macro   0x000000000000ccf8       0xb0 ./Core/Src/gpio.o
 .debug_macro   0x000000000000cda8      0x15a ./Core/Src/gpio.o
 .debug_macro   0x000000000000cf02      0x22c ./Core/Src/gpio.o
 .debug_macro   0x000000000000d12e       0x61 ./Core/Src/gpio.o
 .debug_macro   0x000000000000d18f       0xa5 ./Core/Src/gpio.o
 .debug_macro   0x000000000000d234       0x4c ./Core/Src/gpio.o
 .debug_macro   0x000000000000d280       0x2b ./Core/Src/gpio.o
 .debug_macro   0x000000000000d2ab      0x8f4 ./Core/Src/gpio.o
 .debug_macro   0x000000000000db9f       0x28 ./Core/Src/gpio.o
 .debug_macro   0x000000000000dbc7      0x56d ./Core/Src/gpio.o
 .debug_macro   0x000000000000e134       0x3e ./Core/Src/gpio.o
 .debug_macro   0x000000000000e172       0xf1 ./Core/Src/gpio.o
 .debug_macro   0x000000000000e263      0x40c ./Core/Src/gpio.o
 .debug_macro   0x000000000000e66f       0xab ./Core/Src/gpio.o
 .debug_macro   0x000000000000e71a      0x17d ./Core/Src/gpio.o
 .debug_macro   0x000000000000e897       0xd0 ./Core/Src/gpio.o
 .debug_macro   0x000000000000e967       0x16 ./Core/Src/gpio.o
 .debug_macro   0x000000000000e97d       0x2a ./Core/Src/gpio.o
 .debug_macro   0x000000000000e9a7       0x68 ./Core/Src/gpio.o
 .debug_macro   0x000000000000ea0f      0x215 ./Core/Src/gpio.o
 .debug_macro   0x000000000000ec24      0x11f ./Core/Src/gpio.o
 .debug_macro   0x000000000000ed43       0x6a ./Core/Src/gpio.o
 .debug_macro   0x000000000000edad      0x289 ./Core/Src/main.o
 .debug_macro   0x000000000000f036      0x22b ./Core/Src/stm32f0xx_hal_msp.o
 .debug_macro   0x000000000000f261      0x235 ./Core/Src/stm32f0xx_it.o
 .debug_macro   0x000000000000f496      0x1c1 ./Core/Src/system_stm32f0xx.o
 .debug_macro   0x000000000000f657      0x235 ./Core/Src/tim.o
 .debug_macro   0x000000000000f88c      0x235 ./Core/Src/usart.o
 .debug_macro   0x000000000000fac1      0x1e5 ./Drivers/STM32F0xx_HAL_Driver/Src/stm32f0xx_hal.o
 .debug_macro   0x000000000000fca6      0x1c1 ./Drivers/STM32F0xx_HAL_Driver/Src/stm32f0xx_hal_cortex.o
 .debug_macro   0x000000000000fe67      0x1c8 ./Drivers/STM32F0xx_HAL_Driver/Src/stm32f0xx_hal_gpio.o
 .debug_macro   0x000000000001002f      0x1d3 ./Drivers/STM32F0xx_HAL_Driver/Src/stm32f0xx_hal_rcc.o
 .debug_macro   0x0000000000010202      0x1c2 ./Drivers/STM32F0xx_HAL_Driver/Src/stm32f0xx_hal_tim.o
 .debug_macro   0x00000000000103c4      0x1c1 ./Drivers/STM32F0xx_HAL_Driver/Src/stm32f0xx_hal_tim_ex.o
 .debug_macro   0x0000000000010585      0x1de ./Drivers/STM32F0xx_HAL_Driver/Src/stm32f0xx_hal_uart.o
 .debug_macro   0x0000000000010763      0x1e8 ./Drivers/STM32F0xx_HAL_Driver/Src/stm32f0xx_ll_exti.o
 .debug_macro   0x000000000001094b       0xca ./Drivers/STM32F0xx_HAL_Driver/Src/stm32f0xx_ll_exti.o
 .debug_macro   0x0000000000010a15      0x203 ./Drivers/STM32F0xx_HAL_Driver/Src/stm32f0xx_ll_gpio.o
 .debug_macro   0x0000000000010c18      0x119 ./Drivers/STM32F0xx_HAL_Driver/Src/stm32f0xx_ll_gpio.o
 .debug_macro   0x0000000000010d31      0x230 ./Drivers/STM32F0xx_HAL_Driver/Src/stm32f0xx_ll_utils.o

.debug_line     0x0000000000000000    0x1088c
 .debug_line    0x0000000000000000      0xa07 ./Core/Src/gpio.o
 .debug_line    0x0000000000000a07      0xcdc ./Core/Src/main.o
 .debug_line    0x00000000000016e3      0x84d ./Core/Src/stm32f0xx_hal_msp.o
 .debug_line    0x0000000000001f30      0x928 ./Core/Src/stm32f0xx_it.o
 .debug_line    0x0000000000002858      0x7d6 ./Core/Src/system_stm32f0xx.o
 .debug_line    0x000000000000302e      0x8ee ./Core/Src/tim.o
 .debug_line    0x000000000000391c      0x8bc ./Core/Src/usart.o
 .debug_line    0x00000000000041d8       0x7b ./Core/Startup/startup_stm32f030f4px.o
 .debug_line    0x0000000000004253      0x9e1 ./Drivers/STM32F0xx_HAL_Driver/Src/stm32f0xx_hal.o
 .debug_line    0x0000000000004c34      0xa8d ./Drivers/STM32F0xx_HAL_Driver/Src/stm32f0xx_hal_cortex.o
 .debug_line    0x00000000000056c1      0xb5c ./Drivers/STM32F0xx_HAL_Driver/Src/stm32f0xx_hal_gpio.o
 .debug_line    0x000000000000621d      0xdc6 ./Drivers/STM32F0xx_HAL_Driver/Src/stm32f0xx_hal_rcc.o
 .debug_line    0x0000000000006fe3     0x366e ./Drivers/STM32F0xx_HAL_Driver/Src/stm32f0xx_hal_tim.o
 .debug_line    0x000000000000a651     0x1917 ./Drivers/STM32F0xx_HAL_Driver/Src/stm32f0xx_hal_tim_ex.o
 .debug_line    0x000000000000bf68     0x2b9b ./Drivers/STM32F0xx_HAL_Driver/Src/stm32f0xx_hal_uart.o
 .debug_line    0x000000000000eb03      0x8d7 ./Drivers/STM32F0xx_HAL_Driver/Src/stm32f0xx_ll_exti.o
 .debug_line    0x000000000000f3da      0x920 ./Drivers/STM32F0xx_HAL_Driver/Src/stm32f0xx_ll_gpio.o
 .debug_line    0x000000000000fcfa      0xb92 ./Drivers/STM32F0xx_HAL_Driver/Src/stm32f0xx_ll_utils.o

.debug_str      0x0000000000000000    0x65ecd
 .debug_str     0x0000000000000000    0x6191f ./Core/Src/gpio.o
                                      0x61e9c (size before relaxing)
 .debug_str     0x000000000006191f      0x94b ./Core/Src/main.o
                                      0x62549 (size before relaxing)
 .debug_str     0x000000000006226a       0x2c ./Core/Src/stm32f0xx_hal_msp.o
                                      0x61ac3 (size before relaxing)
 .debug_str     0x0000000000062296      0x111 ./Core/Src/stm32f0xx_it.o
                                      0x6200f (size before relaxing)
 .debug_str     0x00000000000623a7       0x7b ./Core/Src/system_stm32f0xx.o
                                      0x5d033 (size before relaxing)
 .debug_str     0x0000000000062422       0x9b ./Core/Src/tim.o
                                      0x621ba (size before relaxing)
 .debug_str     0x00000000000624bd      0x279 ./Core/Src/usart.o
                                      0x62004 (size before relaxing)
 .debug_str     0x0000000000062736       0x34 ./Core/Startup/startup_stm32f030f4px.o
                                         0x5e (size before relaxing)
 .debug_str     0x000000000006276a      0x350 ./Drivers/STM32F0xx_HAL_Driver/Src/stm32f0xx_hal.o
                                      0x5d592 (size before relaxing)
 .debug_str     0x0000000000062aba      0x11f ./Drivers/STM32F0xx_HAL_Driver/Src/stm32f0xx_hal_cortex.o
                                      0x5d383 (size before relaxing)
 .debug_str     0x0000000000062bd9       0x90 ./Drivers/STM32F0xx_HAL_Driver/Src/stm32f0xx_hal_gpio.o
                                      0x5d1d4 (size before relaxing)
 .debug_str     0x0000000000062c69      0x353 ./Drivers/STM32F0xx_HAL_Driver/Src/stm32f0xx_hal_rcc.o
                                      0x5d46f (size before relaxing)
 .debug_str     0x0000000000062fbc      0xe15 ./Drivers/STM32F0xx_HAL_Driver/Src/stm32f0xx_hal_tim.o
                                      0x5e439 (size before relaxing)
 .debug_str     0x0000000000063dd1      0x503 ./Drivers/STM32F0xx_HAL_Driver/Src/stm32f0xx_hal_tim_ex.o
                                      0x5dc55 (size before relaxing)
 .debug_str     0x00000000000642d4      0x868 ./Drivers/STM32F0xx_HAL_Driver/Src/stm32f0xx_hal_uart.o
                                      0x5dd4c (size before relaxing)
 .debug_str     0x0000000000064b3c      0x2ed ./Drivers/STM32F0xx_HAL_Driver/Src/stm32f0xx_ll_exti.o
                                      0x5d728 (size before relaxing)
 .debug_str     0x0000000000064e29      0x4dd ./Drivers/STM32F0xx_HAL_Driver/Src/stm32f0xx_ll_gpio.o
                                      0x5e0b9 (size before relaxing)
 .debug_str     0x0000000000065306      0xbc7 ./Drivers/STM32F0xx_HAL_Driver/Src/stm32f0xx_ll_utils.o
                                      0x60614 (size before relaxing)

.debug_frame    0x0000000000000000     0x3348
 .debug_frame   0x0000000000000000      0x110 ./Core/Src/gpio.o
 .debug_frame   0x0000000000000110      0x314 ./Core/Src/main.o
 .debug_frame   0x0000000000000424       0x30 ./Core/Src/stm32f0xx_hal_msp.o
 .debug_frame   0x0000000000000454      0x114 ./Core/Src/stm32f0xx_it.o
 .debug_frame   0x0000000000000568       0x4c ./Core/Src/system_stm32f0xx.o
 .debug_frame   0x00000000000005b4       0x88 ./Core/Src/tim.o
 .debug_frame   0x000000000000063c       0x6c ./Core/Src/usart.o
 .debug_frame   0x00000000000006a8      0x2a4 ./Drivers/STM32F0xx_HAL_Driver/Src/stm32f0xx_hal.o
 .debug_frame   0x000000000000094c      0x2a0 ./Drivers/STM32F0xx_HAL_Driver/Src/stm32f0xx_hal_cortex.o
 .debug_frame   0x0000000000000bec      0x110 ./Drivers/STM32F0xx_HAL_Driver/Src/stm32f0xx_hal_gpio.o
 .debug_frame   0x0000000000000cfc      0x198 ./Drivers/STM32F0xx_HAL_Driver/Src/stm32f0xx_hal_rcc.o
 .debug_frame   0x0000000000000e94      0xf00 ./Drivers/STM32F0xx_HAL_Driver/Src/stm32f0xx_hal_tim.o
 .debug_frame   0x0000000000001d94      0x560 ./Drivers/STM32F0xx_HAL_Driver/Src/stm32f0xx_hal_tim_ex.o
 .debug_frame   0x00000000000022f4      0x810 ./Drivers/STM32F0xx_HAL_Driver/Src/stm32f0xx_hal_uart.o
 .debug_frame   0x0000000000002b04      0x16c ./Drivers/STM32F0xx_HAL_Driver/Src/stm32f0xx_ll_exti.o
 .debug_frame   0x0000000000002c70      0x170 ./Drivers/STM32F0xx_HAL_Driver/Src/stm32f0xx_ll_gpio.o
 .debug_frame   0x0000000000002de0      0x328 ./Drivers/STM32F0xx_HAL_Driver/Src/stm32f0xx_ll_utils.o
 .debug_frame   0x0000000000003108       0x20 C:/ST/STM32CubeIDE_1.5.1/STM32CubeIDE/plugins/com.st.stm32cube.ide.mcu.externaltools.gnu-tools-for-stm32.11.3.rel1.win32_1.1.100.202309141235/tools/bin/../lib/gcc/arm-none-eabi/11.3.1/../../../../arm-none-eabi/lib/thumb/v6-m/nofp\libc_nano.a(libc_a-memset.o)
 .debug_frame   0x0000000000003128       0x2c C:/ST/STM32CubeIDE_1.5.1/STM32CubeIDE/plugins/com.st.stm32cube.ide.mcu.externaltools.gnu-tools-for-stm32.11.3.rel1.win32_1.1.100.202309141235/tools/bin/../lib/gcc/arm-none-eabi/11.3.1/../../../../arm-none-eabi/lib/thumb/v6-m/nofp\libc_nano.a(libc_a-init.o)
 .debug_frame   0x0000000000003154       0x20 C:/ST/STM32CubeIDE_1.5.1/STM32CubeIDE/plugins/com.st.stm32cube.ide.mcu.externaltools.gnu-tools-for-stm32.11.3.rel1.win32_1.1.100.202309141235/tools/bin/../lib/gcc/arm-none-eabi/11.3.1/thumb/v6-m/nofp\libgcc.a(_udivsi3.o)
 .debug_frame   0x0000000000003174       0x28 C:/ST/STM32CubeIDE_1.5.1/STM32CubeIDE/plugins/com.st.stm32cube.ide.mcu.externaltools.gnu-tools-for-stm32.11.3.rel1.win32_1.1.100.202309141235/tools/bin/../lib/gcc/arm-none-eabi/11.3.1/thumb/v6-m/nofp\libgcc.a(_fixunssfsi.o)
 .debug_frame   0x000000000000319c       0x38 C:/ST/STM32CubeIDE_1.5.1/STM32CubeIDE/plugins/com.st.stm32cube.ide.mcu.externaltools.gnu-tools-for-stm32.11.3.rel1.win32_1.1.100.202309141235/tools/bin/../lib/gcc/arm-none-eabi/11.3.1/thumb/v6-m/nofp\libgcc.a(addsf3.o)
 .debug_frame   0x00000000000031d4       0x38 C:/ST/STM32CubeIDE_1.5.1/STM32CubeIDE/plugins/com.st.stm32cube.ide.mcu.externaltools.gnu-tools-for-stm32.11.3.rel1.win32_1.1.100.202309141235/tools/bin/../lib/gcc/arm-none-eabi/11.3.1/thumb/v6-m/nofp\libgcc.a(divsf3.o)
 .debug_frame   0x000000000000320c       0x38 C:/ST/STM32CubeIDE_1.5.1/STM32CubeIDE/plugins/com.st.stm32cube.ide.mcu.externaltools.gnu-tools-for-stm32.11.3.rel1.win32_1.1.100.202309141235/tools/bin/../lib/gcc/arm-none-eabi/11.3.1/thumb/v6-m/nofp\libgcc.a(mulsf3.o)
 .debug_frame   0x0000000000003244       0x34 C:/ST/STM32CubeIDE_1.5.1/STM32CubeIDE/plugins/com.st.stm32cube.ide.mcu.externaltools.gnu-tools-for-stm32.11.3.rel1.win32_1.1.100.202309141235/tools/bin/../lib/gcc/arm-none-eabi/11.3.1/thumb/v6-m/nofp\libgcc.a(subsf3.o)
 .debug_frame   0x0000000000003278       0x20 C:/ST/STM32CubeIDE_1.5.1/STM32CubeIDE/plugins/com.st.stm32cube.ide.mcu.externaltools.gnu-tools-for-stm32.11.3.rel1.win32_1.1.100.202309141235/tools/bin/../lib/gcc/arm-none-eabi/11.3.1/thumb/v6-m/nofp\libgcc.a(fixsfsi.o)
 .debug_frame   0x0000000000003298       0x2c C:/ST/STM32CubeIDE_1.5.1/STM32CubeIDE/plugins/com.st.stm32cube.ide.mcu.externaltools.gnu-tools-for-stm32.11.3.rel1.win32_1.1.100.202309141235/tools/bin/../lib/gcc/arm-none-eabi/11.3.1/thumb/v6-m/nofp\libgcc.a(floatunsisf.o)
 .debug_frame   0x00000000000032c4       0x2c C:/ST/STM32CubeIDE_1.5.1/STM32CubeIDE/plugins/com.st.stm32cube.ide.mcu.externaltools.gnu-tools-for-stm32.11.3.rel1.win32_1.1.100.202309141235/tools/bin/../lib/gcc/arm-none-eabi/11.3.1/thumb/v6-m/nofp\libgcc.a(eqsf2.o)
 .debug_frame   0x00000000000032f0       0x2c C:/ST/STM32CubeIDE_1.5.1/STM32CubeIDE/plugins/com.st.stm32cube.ide.mcu.externaltools.gnu-tools-for-stm32.11.3.rel1.win32_1.1.100.202309141235/tools/bin/../lib/gcc/arm-none-eabi/11.3.1/thumb/v6-m/nofp\libgcc.a(gesf2.o)
 .debug_frame   0x000000000000331c       0x2c C:/ST/STM32CubeIDE_1.5.1/STM32CubeIDE/plugins/com.st.stm32cube.ide.mcu.externaltools.gnu-tools-for-stm32.11.3.rel1.win32_1.1.100.202309141235/tools/bin/../lib/gcc/arm-none-eabi/11.3.1/thumb/v6-m/nofp\libgcc.a(lesf2.o)

.debug_line_str
                0x0000000000000000       0x52
 .debug_line_str
                0x0000000000000000       0x52 ./Core/Startup/startup_stm32f030f4px.o
                                         0x6a (size before relaxing)
